Command: C:\Users\tvgid\.espressif\python_env\idf5.5_py3.11_env\Scripts\python.exe C:\Users\tvgid\esp\v5.5.1\esp-idf\tools/idf_monitor.py -p COM5 -b 115200 --toolchain-prefix xtensa-esp32-elf- --target esp32 --revision 0 C:\esp\emissor_s\esp-idf-sx127x\basic\build\lora.elf C:\esp\emissor_s\esp-idf-sx127x\basic\build\bootloader\bootloader.elf --force-color -m 'C:\Users\tvgid\.espressif\python_env\idf5.5_py3.11_env\Scripts\python.exe' 'C:\Users\tvgid\esp\v5.5.1\esp-idf\tools\idf.py' '-p' 'COM5'
ets Jul 29 2019 12:21:46

rst:0x1 (POWERON_RESET),boot:0x13 (SPI_FAST_FLASH_BOOT)
configsip: 0, SPIWP:0xee
clk_drv:0x00,q_drv:0x00,d_drv:0x00,cs0_drv:0x00,hd_drv:0x00,wp_drv:0x00
mode:DIO, clock div:2
load:0x3fff0030,len:6380
ho 0 tail 12 room 4
load:0x40078000,len:15916
load:0x40080400,len:3860
entry 0x40080638
[0;32mI (29) boot: ESP-IDF v5.5.1 2nd stage bootloader[0m
[0;32mI (29) boot: compile time Oct 27 2025 23:25:13[0m
[0;32mI (29) boot: Multicore bootloader[0m
[0;32mI (31) boot: chip revision: v3.1[0m
[0;32mI (33) boot.esp32: SPI Speed      : 40MHz[0m
[0;32mI (37) boot.esp32: SPI Mode       : DIO[0m
[0;32mI (41) boot.esp32: SPI Flash Size : 2MB[0m
[0;32mI (44) boot: Enabling RNG early entropy source...[0m
[0;32mI (49) boot: Partition Table:[0m
[0;32mI (51) boot: ## Label            Usage          Type ST Offset   Length[0m
[0;32mI (58) boot:  0 nvs              WiFi data        01 02 00009000 00006000[0m
[0;32mI (64) boot:  1 phy_init         RF data          01 01 0000f000 00001000[0m
[0;32mI (71) boot:  2 factory          factory app      00 00 00010000 00100000[0m
[0;32mI (77) boot: End of partition table[0m
[0;32mI (81) esp_image: segment 0: paddr=00010020 vaddr=3f400020 size=0c350h ( 50000) map[0m
[0;32mI (105) esp_image: segment 1: paddr=0001c378 vaddr=3ffb0000 size=02590h (  9616) load[0m
[0;32mI (109) esp_image: segment 2: paddr=0001e910 vaddr=40080000 size=01708h (  5896) load[0m
[0;32mI (111) esp_image: segment 3: paddr=00020020 vaddr=400d0020 size=1b4a0h (111776) map[0m
[0;32mI (155) esp_image: segment 4: paddr=0003b4c8 vaddr=40081708 size=0eabch ( 60092) load[0m
[0;32mI (178) esp_image: segment 5: paddr=00049f8c vaddr=50000000 size=000b8h (   184) load[0m
[0;32mI (187) boot: Loaded app from partition at offset 0x10000[0m
[0;32mI (187) boot: Disabling RNG early entropy source...[0m
[0;32mI (199) cpu_start: Multicore app[0m
[0;32mI (207) cpu_start: Pro cpu start user code[0m
[0;32mI (207) cpu_start: cpu freq: 160000000 Hz[0m
[0;32mI (207) app_init: Application information:[0m
[0;32mI (207) app_init: Project name:     lora[0m
[0;32mI (211) app_init: App version:      eb3e4bf-dirty[0m
[0;32mI (215) app_init: Compile time:     Oct 27 2025 23:29:34[0m
[0;32mI (220) app_init: ELF file SHA256:  edf9e4633...[0m
[0;32mI (225) app_init: ESP-IDF:          v5.5.1[0m
[0;32mI (228) efuse_init: Min chip rev:     v0.0[0m
[0;32mI (232) efuse_init: Max chip rev:     v3.99 [0m
[0;32mI (236) efuse_init: Chip rev:         v3.1[0m
[0;32mI (240) heap_init: Initializing. RAM available for dynamic allocation:[0m
[0;32mI (247) heap_init: At 3FFAE6E0 len 00001920 (6 KiB): DRAM[0m
[0;32mI (251) heap_init: At 3FFB2EE8 len 0002D118 (180 KiB): DRAM[0m
[0;32mI (257) heap_init: At 3FFE0440 len 00003AE0 (14 KiB): D/IRAM[0m
[0;32mI (262) heap_init: At 3FFE4350 len 0001BCB0 (111 KiB): D/IRAM[0m
[0;32mI (268) heap_init: At 400901C4 len 0000FE3C (63 KiB): IRAM[0m
[0;32mI (274) spi_flash: detected chip: generic[0m
[0;32mI (277) spi_flash: flash io: dio[0m
[0;33mW (280) spi_flash: Detected size(4096k) larger than the size in the binary image header(2048k). Using the size in the binary image header.[0m
[0;32mI (292) main_task: Started on CPU0[0m
[0;32mI (302) main_task: Calling app_main()[0m
[0;32mI (302) TX_TDS_SLEEP: Boot frio (primeira inicializa√ß√£o)[0m
[0;32mI (5592) TX_TDS_SLEEP: LoRa sent: TD,39,0.09[0m
[0;32mI (5692) TX_TDS_SLEEP: Dormindo por 30 seg...[0m
[0;32mI (15) boot: ESP-IDF v5.5.1 2nd stage bootloader[0m
[0;32mI (15) boot: compile time Oct 27 2025 23:25:13[0m
[0;32mI (15) boot: Multicore bootloader[0m
[0;32mI (15) boot: chip revision: v3.1[0m
[0;32mI (18) boot.esp32: SPI Speed      : 40MHz[0m
[0;32mI (22) boot.esp32: SPI Mode       : DIO[0m
[0;32mI (25) boot.esp32: SPI Flash Size : 2MB[0m
[0;32mI (29) boot: Enabling RNG early entropy source...[0m
[0;32mI (33) boot: Partition Table:[0m
[0;32mI (36) boot: ## Label            Usage          Type ST Offset   Length[0m
[0;32mI (42) boot:  0 nvs              WiFi data        01 02 00009000 00006000[0m
[0;32mI (49) boot:  1 phy_init         RF data          01 01 0000f000 00001000[0m
[0;32mI (55) boot:  2 factory          factory app      00 00 00010000 00100000[0m
[0;32mI (62) boot: End of partition table[0m
[0;32mI (65) esp_image: segment 0: paddr=00010020 vaddr=3f400020 size=0c350h ( 50000) map[0m
[0;32mI (90) esp_image: segment 1: paddr=0001c378 vaddr=3ffb0000 size=02590h (  9616) load[0m
[0;32mI (94) esp_image: segment 2: paddr=0001e910 vaddr=40080000 size=01708h (  5896) load[0m
[0;32mI (96) esp_image: segment 3: paddr=00020020 vaddr=400d0020 size=1b4a0h (111776) map[0m
[0;32mI (139) esp_image: segment 4: paddr=0003b4c8 vaddr=40081708 size=0eabch ( 60092) load[0m
[0;32mI (163) esp_image: segment 5: paddr=00049f8c vaddr=50000000 size=000b8h (   184) [0m
[0;32mI (171) boot: Loaded app from partition at offset 0x10000[0m
[0;32mI (171) boot: Disabling RNG early entropy source...[0m
[0;32mI (183) cpu_start: Multicore app[0m
[0;32mI (191) cpu_start: Pro cpu start user code[0m
[0;32mI (191) cpu_start: cpu freq: 160000000 Hz[0m
[0;32mI (191) app_init: Application information:[0m
[0;32mI (191) app_init: Project name:     lora[0m
[0;32mI (195) app_init: App version:      eb3e4bf-dirty[0m
[0;32mI (199) app_init: Compile time:     Oct 27 2025 23:29:34[0m
[0;32mI (204) app_init: ELF file SHA256:  edf9e4633...[0m
[0;32mI (209) app_init: ESP-IDF:          v5.5.1[0m
[0;32mI (213) efuse_init: Min chip rev:     v0.0[0m
[0;32mI (216) efuse_init: Max chip rev:     v3.99 [0m
[0;32mI (220) efuse_init: Chip rev:         v3.1[0m
[0;32mI (225) heap_init: Initializing. RAM available for dynamic allocation:[0m
[0;32mI (231) heap_init: At 3FFAE6E0 len 00001920 (6 KiB): DRAM[0m
[0;32mI (236) heap_init: At 3FFB2EE8 len 0002D118 (180 KiB): DRAM[0m
[0;32mI (241) heap_init: At 3FFE0440 len 00003AE0 (14 KiB): D/IRAM[0m
[0;32mI (246) heap_init: At 3FFE4350 len 0001BCB0 (111 KiB): D/IRAM[0m
[0;32mI (252) heap_init: At 400901C4 len 0000FE3C (63 KiB): IRAM[0m
[0;32mI (259) spi_flash: detected chip: generic[0m
[0;32mI (261) spi_flash: flash io: dio[0m
[0;33mW (264) spi_flash: Detected size(4096k) larger than the size in the binary image header(2048k). Using the size in the binary image header.[0m
[0;32mI (277) main_task: Started on CPU0[0m
[0;32mI (287) main_task: Calling app_main()[0m
[0;32mI (287) TX_TDS_SLEEP: Acordei pelo TIMER[0m
[0;32mI (5577) TX_TDS_SLEEP: LoRa sent: TD,39,0.09[0m
[0;32mI (5677) TX_TDS_SLEEP: Dormindo por 30 seg...[0m
[0;32mI (15) boot: ESP-IDF v5.5.1 2nd stage bootloader[0m
[0;32mI (15) boot: compile time Oct 27 2025 23:25:13[0m
[0;32mI (15) boot: Multicore bootloader[0m
[0;32mI (15) boot: chip revision: v3.1[0m
[0;32mI (18) boot.esp32: SPI Speed      : 40MHz[0m
[0;32mI (22) boot.esp32: SPI Mode       : DIO[0m
[0;32mI (25) boot.esp32: SPI Flash Size : 2MB[0m
[0;32mI (29) boot: Enabling RNG early entropy source...[0m
[0;32mI (33) boot: Partition Table:[0m
[0;32mI (36) boot: ## Label            Usage          Type ST Offset   Length[0m
[0;32mI (42) boot:  0 nvs              WiFi data        01 02 00009000 00006000[0m
[0;32mI (49) boot:  1 phy_init         RF data          01 01 0000f000 00001000[0m
[0;32mI (55) boot:  2 factory          factory app      00 00 00010000 00100000[0m
[0;32mI (62) boot: End of partition table[0m
[0;32mI (65) esp_image: segment 0: paddr=00010020 vaddr=3f400020 size=0c350h ( 50000) map[0m
[0;32mI (90) esp_image: segment 1: paddr=0001c378 vaddr=3ffb0000 size=02590h (  9616) load[0m
[0;32mI (94) esp_image: segment 2: paddr=0001e910 vaddr=40080000 size=01708h (  5896) load[0m
[0;32mI (96) esp_image: segment 3: paddr=00020020 vaddr=400d0020 size=1b4a0h (111776) map[0m
[0;32mI (139) esp_image: segment 4: paddr=0003b4c8 vaddr=40081708 size=0eabch ( 60092) load[0m
[0;32mI (163) esp_image: segment 5: paddr=00049f8c vaddr=50000000 size=000b8h (   184) [0m
[0;32mI (171) boot: Loaded app from partition at offset 0x10000[0m
[0;32mI (171) boot: Disabling RNG early entropy source...[0m
[0;32mI (183) cpu_start: Multicore app[0m
[0;32mI (191) cpu_start: Pro cpu start user code[0m
[0;32mI (191) cpu_start: cpu freq: 160000000 Hz[0m
[0;32mI (191) app_init: Application information:[0m
[0;32mI (191) app_init: Project name:     lora[0m
[0;32mI (195) app_init: App version:      eb3e4bf-dirty[0m
[0;32mI (199) app_init: Compile time:     Oct 27 2025 23:29:34[0m
[0;32mI (204) app_init: ELF file SHA256:  edf9e4633...[0m
[0;32mI (209) app_init: ESP-IDF:          v5.5.1[0m
[0;32mI (213) efuse_init: Min chip rev:     v0.0[0m
[0;32mI (216) efuse_init: Max chip rev:     v3.99 [0m
[0;32mI (220) efuse_init: Chip rev:         v3.1[0m
[0;32mI (225) heap_init: Initializing. RAM available for dynamic allocation:[0m
[0;32mI (231) heap_init: At 3FFAE6E0 len 00001920 (6 KiB): DRAM[0m
[0;32mI (236) heap_init: At 3FFB2EE8 len 0002D118 (180 KiB): DRAM[0m
[0;32mI (241) heap_init: At 3FFE0440 len 00003AE0 (14 KiB): D/IRAM[0m
[0;32mI (246) heap_init: At 3FFE4350 len 0001BCB0 (111 KiB): D/IRAM[0m
[0;32mI (252) heap_init: At 400901C4 len 0000FE3C (63 KiB): IRAM[0m
[0;32mI (259) spi_flash: detected chip: generic[0m
[0;32mI (261) spi_flash: flash io: dio[0m
[0;33mW (264) spi_flash: Detected size(4096k) larger than the size in the binary image header(2048k). Using the size in the binary image header.[0m
[0;32mI (276) main_task: Started on CPU0[0m
[0;32mI (286) main_task: Calling app_main()[0m
[0;32mI (286) TX_TDS_SLEEP: Acordei pelo TIMER[0m
[0;32mI (5576) TX_TDS_SLEEP: LoRa sent: TD,39,0.09[0m
[0;32mI (5676) TX_TDS_SLEEP: Dormindo por 30 seg...[0m
[0;32mI (15) boot: ESP-IDF v5.5.1 2nd stage bootloader[0m
[0;32mI (15) boot: compile time Oct 27 2025 23:25:13[0m
[0;32mI (15) boot: Multicore bootloader[0m
[0;32mI (15) boot: chip revision: v3.1[0m
[0;32mI (18) boot.esp32: SPI Speed      : 40MHz[0m
[0;32mI (22) boot.esp32: SPI Mode       : DIO[0m
[0;32mI (25) boot.esp32: SPI Flash Size : 2MB[0m
[0;32mI (29) boot: Enabling RNG early entropy source...[0m
[0;32mI (33) boot: Partition Table:[0m
[0;32mI (36) boot: ## Label            Usage          Type ST Offset   Length[0m
[0;32mI (42) boot:  0 nvs              WiFi data        01 02 00009000 00006000[0m
[0;32mI (49) boot:  1 phy_init         RF data          01 01 0000f000 00001000[0m
[0;32mI (55) boot:  2 factory          factory app      00 00 00010000 00100000[0m
[0;32mI (62) boot: End of partition table[0m
[0;32mI (65) esp_image: segment 0: paddr=00010020 vaddr=3f400020 size=0c350h ( 50000) map[0m
[0;32mI (90) esp_image: segment 1: paddr=0001c378 vaddr=3ffb0000 size=02590h (  9616) load[0m
[0;32mI (94) esp_image: segment 2: paddr=0001e910 vaddr=40080000 size=01708h (  5896) load[0m
[0;32mI (96) esp_image: segment 3: paddr=00020020 vaddr=400d0020 size=1b4a0h (111776) map[0m
[0;32mI (139) esp_image: segment 4: paddr=0003b4c8 vaddr=40081708 size=0eabch ( 60092) load[0m
[0;32mI (163) esp_image: segment 5: paddr=00049f8c vaddr=50000000 size=000b8h (   184) [0m
[0;32mI (171) boot: Loaded app from partition at offset 0x10000[0m
[0;32mI (171) boot: Disabling RNG early entropy source...[0m
[0;32mI (183) cpu_start: Multicore app[0m
[0;32mI (191) cpu_start: Pro cpu start user code[0m
[0;32mI (191) cpu_start: cpu freq: 160000000 Hz[0m
[0;32mI (191) app_init: Application information:[0m
[0;32mI (191) app_init: Project name:     lora[0m
[0;32mI (195) app_init: App version:      eb3e4bf-dirty[0m
[0;32mI (199) app_init: Compile time:     Oct 27 2025 23:29:34[0m
[0;32mI (204) app_init: ELF file SHA256:  edf9e4633...[0m
[0;32mI (209) app_init: ESP-IDF:          v5.5.1[0m
[0;32mI (213) efuse_init: Min chip rev:     v0.0[0m
[0;32mI (216) efuse_init: Max chip rev:     v3.99 [0m
[0;32mI (220) efuse_init: Chip rev:         v3.1[0m
[0;32mI (225) heap_init: Initializing. RAM available for dynamic allocation:[0m
[0;32mI (231) heap_init: At 3FFAE6E0 len 00001920 (6 KiB): DRAM[0m
[0;32mI (236) heap_init: At 3FFB2EE8 len 0002D118 (180 KiB): DRAM[0m
[0;32mI (241) heap_init: At 3FFE0440 len 00003AE0 (14 KiB): D/IRAM[0m
[0;32mI (246) heap_init: At 3FFE4350 len 0001BCB0 (111 KiB): D/IRAM[0m
[0;32mI (252) heap_init: At 400901C4 len 0000FE3C (63 KiB): IRAM[0m
[0;32mI (259) spi_flash: detected chip: generic[0m
[0;32mI (261) spi_flash: flash io: dio[0m
[0;33mW (264) spi_flash: Detected size(4096k) larger than the size in the binary image header(2048k). Using the size in the binary image header.[0m
[0;32mI (276) main_task: Started on CPU0[0m
[0;32mI (286) main_task: Calling app_main()[0m
[0;32mI (286) TX_TDS_SLEEP: Acordei pelo TIMER[0m
[0;32mI (5576) TX_TDS_SLEEP: LoRa sent: TD,40,0.09[0m
[0;32mI (5676) TX_TDS_SLEEP: Dormindo por 30 seg...[0m
[0;32mI (15) boot: ESP-IDF v5.5.1 2nd stage bootloader[0m
[0;32mI (15) boot: compile time Oct 27 2025 23:25:13[0m
[0;32mI (15) boot: Multicore bootloader[0m
[0;32mI (15) boot: chip revision: v3.1[0m
[0;32mI (18) boot.esp32: SPI Speed      : 40MHz[0m
[0;32mI (22) boot.esp32: SPI Mode       : DIO[0m
[0;32mI (25) boot.esp32: SPI Flash Size : 2MB[0m
[0;32mI (29) boot: Enabling RNG early entropy source...[0m
[0;32mI (33) boot: Partition Table:[0m
[0;32mI (36) boot: ## Label            Usage          Type ST Offset   Length[0m
[0;32mI (42) boot:  0 nvs              WiFi data        01 02 00009000 00006000[0m
[0;32mI (49) boot:  1 phy_init         RF data          01 01 0000f000 00001000[0m
[0;32mI (55) boot:  2 factory          factory app      00 00 00010000 00100000[0m
[0;32mI (62) boot: End of partition table[0m
[0;32mI (65) esp_image: segment 0: paddr=00010020 vaddr=3f400020 size=0c350h ( 50000) map[0m
[0;32mI (90) esp_image: segment 1: paddr=0001c378 vaddr=3ffb0000 size=02590h (  9616) load[0m
[0;32mI (94) esp_image: segment 2: paddr=0001e910 vaddr=40080000 size=01708h (  5896) load[0m
[0;32mI (96) esp_image: segment 3: paddr=00020020 vaddr=400d0020 size=1b4a0h (111776) map[0m
[0;32mI (139) esp_image: segment 4: paddr=0003b4c8 vaddr=40081708 size=0eabch ( 60092) load[0m
[0;32mI (163) esp_image: segment 5: paddr=00049f8c vaddr=50000000 size=000b8h (   184) [0m
[0;32mI (171) boot: Loaded app from partition at offset 0x10000[0m
[0;32mI (171) boot: Disabling RNG early entropy source...[0m
[0;32mI (183) cpu_start: Multicore app[0m
[0;32mI (191) cpu_start: Pro cpu start user code[0m
[0;32mI (191) cpu_start: cpu freq: 160000000 Hz[0m
[0;32mI (191) app_init: Application information:[0m
[0;32mI (191) app_init: Project name:     lora[0m
[0;32mI (195) app_init: App version:      eb3e4bf-dirty[0m
[0;32mI (199) app_init: Compile time:     Oct 27 2025 23:29:34[0m
[0;32mI (204) app_init: ELF file SHA256:  edf9e4633...[0m
[0;32mI (209) app_init: ESP-IDF:          v5.5.1[0m
[0;32mI (213) efuse_init: Min chip rev:     v0.0[0m
[0;32mI (216) efuse_init: Max chip rev:     v3.99 [0m
[0;32mI (220) efuse_init: Chip rev:         v3.1[0m
[0;32mI (225) heap_init: Initializing. RAM available for dynamic allocation:[0m
[0;32mI (231) heap_init: At 3FFAE6E0 len 00001920 (6 KiB): DRAM[0m
[0;32mI (236) heap_init: At 3FFB2EE8 len 0002D118 (180 KiB): DRAM[0m
[0;32mI (241) heap_init: At 3FFE0440 len 00003AE0 (14 KiB): D/IRAM[0m
[0;32mI (246) heap_init: At 3FFE4350 len 0001BCB0 (111 KiB): D/IRAM[0m
[0;32mI (252) heap_init: At 400901C4 len 0000FE3C (63 KiB): IRAM[0m
[0;32mI (259) spi_flash: detected chip: generic[0m
[0;32mI (261) spi_flash: flash io: dio[0m
[0;33mW (264) spi_flash: Detected size(4096k) larger than the size in the binary image header(2048k). Using the size in the binary image header.[0m
[0;32mI (277) main_task: Started on CPU0[0m
[0;32mI (287) main_task: Calling app_main()[0m
[0;32mI (287) TX_TDS_SLEEP: Acordei pelo TIMER[0m
[0;32mI (5577) TX_TDS_SLEEP: LoRa sent: TD,40,0.10[0m
[0;32mI (5677) TX_TDS_SLEEP: Dormindo por 30 seg...[0m
[0;32mI (15) boot: ESP-IDF v5.5.1 2nd stage bootloader[0m
[0;32mI (15) boot: compile time Oct 27 2025 23:25:13[0m
[0;32mI (15) boot: Multicore bootloader[0m
[0;32mI (15) boot: chip revision: v3.1[0m
[0;32mI (18) boot.esp32: SPI Speed      : 40MHz[0m
[0;32mI (22) boot.esp32: SPI Mode       : DIO[0m
[0;32mI (25) boot.esp32: SPI Flash Size : 2MB[0m
[0;32mI (29) boot: Enabling RNG early entropy source...[0m
[0;32mI (33) boot: Partition Table:[0m
[0;32mI (36) boot: ## Label            Usage          Type ST Offset   Length[0m
[0;32mI (42) boot:  0 nvs              WiFi data        01 02 00009000 00006000[0m
[0;32mI (49) boot:  1 phy_init         RF data          01 01 0000f000 00001000[0m
[0;32mI (55) boot:  2 factory          factory app      00 00 00010000 00100000[0m
[0;32mI (62) boot: End of partition table[0m
[0;32mI (65) esp_image: segment 0: paddr=00010020 vaddr=3f400020 size=0c350h ( 50000) map[0m
[0;32mI (90) esp_image: segment 1: paddr=0001c378 vaddr=3ffb0000 size=02590h (  9616) load[0m
[0;32mI (94) esp_image: segment 2: paddr=0001e910 vaddr=40080000 size=01708h (  5896) load[0m
[0;32mI (96) esp_image: segment 3: paddr=00020020 vaddr=400d0020 size=1b4a0h (111776) map[0m
[0;32mI (139) esp_image: segment 4: paddr=0003b4c8 vaddr=40081708 size=0eabch ( 60092) load[0m
[0;32mI (163) esp_image: segment 5: paddr=00049f8c vaddr=50000000 size=000b8h (   184) [0m
[0;32mI (171) boot: Loaded app from partition at offset 0x10000[0m
[0;32mI (171) boot: Disabling RNG early entropy source...[0m
[0;32mI (183) cpu_start: Multicore app[0m
[0;32mI (191) cpu_start: Pro cpu start user code[0m
[0;32mI (191) cpu_start: cpu freq: 160000000 Hz[0m
[0;32mI (191) app_init: Application information:[0m
[0;32mI (191) app_init: Project name:     lora[0m
[0;32mI (195) app_init: App version:      eb3e4bf-dirty[0m
[0;32mI (199) app_init: Compile time:     Oct 27 2025 23:29:34[0m
[0;32mI (204) app_init: ELF file SHA256:  edf9e4633...[0m
[0;32mI (209) app_init: ESP-IDF:          v5.5.1[0m
[0;32mI (213) efuse_init: Min chip rev:     v0.0[0m
[0;32mI (216) efuse_init: Max chip rev:     v3.99 [0m
[0;32mI (220) efuse_init: Chip rev:         v3.1[0m
[0;32mI (225) heap_init: Initializing. RAM available for dynamic allocation:[0m
[0;32mI (231) heap_init: At 3FFAE6E0 len 00001920 (6 KiB): DRAM[0m
[0;32mI (236) heap_init: At 3FFB2EE8 len 0002D118 (180 KiB): DRAM[0m
[0;32mI (241) heap_init: At 3FFE0440 len 00003AE0 (14 KiB): D/IRAM[0m
[0;32mI (246) heap_init: At 3FFE4350 len 0001BCB0 (111 KiB): D/IRAM[0m
[0;32mI (252) heap_init: At 400901C4 len 0000FE3C (63 KiB): IRAM[0m
[0;32mI (259) spi_flash: detected chip: generic[0m
[0;32mI (261) spi_flash: flash io: dio[0m
[0;33mW (264) spi_flash: Detected size(4096k) larger than the size in the binary image header(2048k). Using the size in the binary image header.[0m
[0;32mI (277) main_task: Started on CPU0[0m
[0;32mI (287) main_task: Calling app_main()[0m
[0;32mI (287) TX_TDS_SLEEP: Acordei pelo TIMER[0m
[0;32mI (5577) TX_TDS_SLEEP: LoRa sent: TD,40,0.09[0m
[0;32mI (5677) TX_TDS_SLEEP: Dormindo por 30 seg...[0m
[0;32mI (15) boot: ESP-IDF v5.5.1 2nd stage bootloader[0m
[0;32mI (15) boot: compile time Oct 27 2025 23:25:13[0m
[0;32mI (15) boot: Multicore bootloader[0m
[0;32mI (15) boot: chip revision: v3.1[0m
[0;32mI (18) boot.esp32: SPI Speed      : 40MHz[0m
[0;32mI (22) boot.esp32: SPI Mode       : DIO[0m
[0;32mI (25) boot.esp32: SPI Flash Size : 2MB[0m
[0;32mI (29) boot: Enabling RNG early entropy source...[0m
[0;32mI (33) boot: Partition Table:[0m
[0;32mI (36) boot: ## Label            Usage          Type ST Offset   Length[0m
[0;32mI (42) boot:  0 nvs              WiFi data        01 02 00009000 00006000[0m
[0;32mI (49) boot:  1 phy_init         RF data          01 01 0000f000 00001000[0m
[0;32mI (55) boot:  2 factory          factory app      00 00 00010000 00100000[0m
[0;32mI (62) boot: End of partition table[0m
[0;32mI (65) esp_image: segment 0: paddr=00010020 vaddr=3f400020 size=0c350h ( 50000) map[0m
[0;32mI (90) esp_image: segment 1: paddr=0001c378 vaddr=3ffb0000 size=02590h (  9616) load[0m
[0;32mI (94) esp_image: segment 2: paddr=0001e910 vaddr=40080000 size=01708h (  5896) load[0m
[0;32mI (96) esp_image: segment 3: paddr=00020020 vaddr=400d0020 size=1b4a0h (111776) map[0m
[0;32mI (139) esp_image: segment 4: paddr=0003b4c8 vaddr=40081708 size=0eabch ( 60092) load[0m
[0;32mI (163) esp_image: segment 5: paddr=00049f8c vaddr=50000000 size=000b8h (   184) [0m
[0;32mI (171) boot: Loaded app from partition at offset 0x10000[0m
[0;32mI (171) boot: Disabling RNG early entropy source...[0m
[0;32mI (183) cpu_start: Multicore app[0m
[0;32mI (191) cpu_start: Pro cpu start user code[0m
[0;32mI (191) cpu_start: cpu freq: 160000000 Hz[0m
[0;32mI (191) app_init: Application information:[0m
[0;32mI (191) app_init: Project name:     lora[0m
[0;32mI (195) app_init: App version:      eb3e4bf-dirty[0m
[0;32mI (199) app_init: Compile time:     Oct 27 2025 23:29:34[0m
[0;32mI (204) app_init: ELF file SHA256:  edf9e4633...[0m
[0;32mI (209) app_init: ESP-IDF:          v5.5.1[0m
[0;32mI (213) efuse_init: Min chip rev:     v0.0[0m
[0;32mI (216) efuse_init: Max chip rev:     v3.99 [0m
[0;32mI (220) efuse_init: Chip rev:         v3.1[0m
[0;32mI (225) heap_init: Initializing. RAM available for dynamic allocation:[0m
[0;32mI (231) heap_init: At 3FFAE6E0 len 00001920 (6 KiB): DRAM[0m
[0;32mI (236) heap_init: At 3FFB2EE8 len 0002D118 (180 KiB): DRAM[0m
[0;32mI (241) heap_init: At 3FFE0440 len 00003AE0 (14 KiB): D/IRAM[0m
[0;32mI (246) heap_init: At 3FFE4350 len 0001BCB0 (111 KiB): D/IRAM[0m
[0;32mI (252) heap_init: At 400901C4 len 0000FE3C (63 KiB): IRAM[0m
[0;32mI (259) spi_flash: detected chip: generic[0m
[0;32mI (261) spi_flash: flash io: dio[0m
[0;33mW (264) spi_flash: Detected size(4096k) larger than the size in the binary image header(2048k). Using the size in the binary image header.[0m
[0;32mI (277) main_task: Started on CPU0[0m
[0;32mI (287) main_task: Calling app_main()[0m
[0;32mI (287) TX_TDS_SLEEP: Acordei pelo TIMER[0m
[0;32mI (5577) TX_TDS_SLEEP: LoRa sent: TD,39,0.09[0m
[0;32mI (5677) TX_TDS_SLEEP: Dormindo por 30 seg...[0m
[0;32mI (15) boot: ESP-IDF v5.5.1 2nd stage bootloader[0m
[0;32mI (15) boot: compile time Oct 27 2025 23:25:13[0m
[0;32mI (15) boot: Multicore bootloader[0m
[0;32mI (15) boot: chip revision: v3.1[0m
[0;32mI (18) boot.esp32: SPI Speed      : 40MHz[0m
[0;32mI (22) boot.esp32: SPI Mode       : DIO[0m
[0;32mI (25) boot.esp32: SPI Flash Size : 2MB[0m
[0;32mI (29) boot: Enabling RNG early entropy source...[0m
[0;32mI (33) boot: Partition Table:[0m
[0;32mI (36) boot: ## Label            Usage          Type ST Offset   Length[0m
[0;32mI (42) boot:  0 nvs              WiFi data        01 02 00009000 00006000[0m
[0;32mI (49) boot:  1 phy_init         RF data          01 01 0000f000 00001000[0m
[0;32mI (55) boot:  2 factory          factory app      00 00 00010000 00100000[0m
[0;32mI (62) boot: End of partition table[0m
[0;32mI (65) esp_image: segment 0: paddr=00010020 vaddr=3f400020 size=0c350h ( 50000) map[0m
[0;32mI (90) esp_image: segment 1: paddr=0001c378 vaddr=3ffb0000 size=02590h (  9616) load[0m
[0;32mI (94) esp_image: segment 2: paddr=0001e910 vaddr=40080000 size=01708h (  5896) load[0m
[0;32mI (96) esp_image: segment 3: paddr=00020020 vaddr=400d0020 size=1b4a0h (111776) map[0m
[0;32mI (139) esp_image: segment 4: paddr=0003b4c8 vaddr=40081708 size=0eabch ( 60092) load[0m
[0;32mI (163) esp_image: segment 5: paddr=00049f8c vaddr=50000000 size=000b8h (   184) [0m
[0;32mI (171) boot: Loaded app from partition at offset 0x10000[0m
[0;32mI (171) boot: Disabling RNG early entropy source...[0m
[0;32mI (183) cpu_start: Multicore app[0m
[0;32mI (191) cpu_start: Pro cpu start user code[0m
[0;32mI (191) cpu_start: cpu freq: 160000000 Hz[0m
[0;32mI (191) app_init: Application information:[0m
[0;32mI (191) app_init: Project name:     lora[0m
[0;32mI (195) app_init: App version:      eb3e4bf-dirty[0m
[0;32mI (199) app_init: Compile time:     Oct 27 2025 23:29:34[0m
[0;32mI (204) app_init: ELF file SHA256:  edf9e4633...[0m
[0;32mI (209) app_init: ESP-IDF:          v5.5.1[0m
[0;32mI (213) efuse_init: Min chip rev:     v0.0[0m
[0;32mI (216) efuse_init: Max chip rev:     v3.99 [0m
[0;32mI (220) efuse_init: Chip rev:         v3.1[0m
[0;32mI (225) heap_init: Initializing. RAM available for dynamic allocation:[0m
[0;32mI (231) heap_init: At 3FFAE6E0 len 00001920 (6 KiB): DRAM[0m
[0;32mI (236) heap_init: At 3FFB2EE8 len 0002D118 (180 KiB): DRAM[0m
[0;32mI (241) heap_init: At 3FFE0440 len 00003AE0 (14 KiB): D/IRAM[0m
[0;32mI (246) heap_init: At 3FFE4350 len 0001BCB0 (111 KiB): D/IRAM[0m
[0;32mI (252) heap_init: At 400901C4 len 0000FE3C (63 KiB): IRAM[0m
[0;32mI (259) spi_flash: detected chip: generic[0m
[0;32mI (261) spi_flash: flash io: dio[0m
[0;33mW (264) spi_flash: Detected size(4096k) larger than the size in the binary image header(2048k). Using the size in the binary image header.[0m
[0;32mI (276) main_task: Started on CPU0[0m
[0;32mI (286) main_task: Calling app_main()[0m
[0;32mI (286) TX_TDS_SLEEP: Acordei pelo TIMER[0m
[0;32mI (5576) TX_TDS_SLEEP: LoRa sent: TD,39,0.09[0m
[0;32mI (5676) TX_TDS_SLEEP: Dormindo por 30 seg...[0m
[0;32mI (15) boot: ESP-IDF v5.5.1 2nd stage bootloader[0m
[0;32mI (15) boot: compile time Oct 27 2025 23:25:13[0m
[0;32mI (15) boot: Multicore bootloader[0m
[0;32mI (15) boot: chip revision: v3.1[0m
[0;32mI (18) boot.esp32: SPI Speed      : 40MHz[0m
[0;32mI (22) boot.esp32: SPI Mode       : DIO[0m
[0;32mI (25) boot.esp32: SPI Flash Size : 2MB[0m
[0;32mI (29) boot: Enabling RNG early entropy source...[0m
[0;32mI (33) boot: Partition Table:[0m
[0;32mI (36) boot: ## Label            Usage          Type ST Offset   Length[0m
[0;32mI (42) boot:  0 nvs              WiFi data        01 02 00009000 00006000[0m
[0;32mI (49) boot:  1 phy_init         RF data          01 01 0000f000 00001000[0m
[0;32mI (55) boot:  2 factory          factory app      00 00 00010000 00100000[0m
[0;32mI (62) boot: End of partition table[0m
[0;32mI (65) esp_image: segment 0: paddr=00010020 vaddr=3f400020 size=0c350h ( 50000) map[0m
[0;32mI (90) esp_image: segment 1: paddr=0001c378 vaddr=3ffb0000 size=02590h (  9616) load[0m
[0;32mI (94) esp_image: segment 2: paddr=0001e910 vaddr=40080000 size=01708h (  5896) load[0m
[0;32mI (96) esp_image: segment 3: paddr=00020020 vaddr=400d0020 size=1b4a0h (111776) map[0m
[0;32mI (139) esp_image: segment 4: paddr=0003b4c8 vaddr=40081708 size=0eabch ( 60092) load[0m
[0;32mI (163) esp_image: segment 5: paddr=00049f8c vaddr=50000000 size=000b8h (   184) [0m
[0;32mI (171) boot: Loaded app from partition at offset 0x10000[0m
[0;32mI (171) boot: Disabling RNG early entropy source...[0m
[0;32mI (183) cpu_start: Multicore app[0m
[0;32mI (191) cpu_start: Pro cpu start user code[0m
[0;32mI (191) cpu_start: cpu freq: 160000000 Hz[0m
[0;32mI (191) app_init: Application information:[0m
[0;32mI (191) app_init: Project name:     lora[0m
[0;32mI (195) app_init: App version:      eb3e4bf-dirty[0m
[0;32mI (199) app_init: Compile time:     Oct 27 2025 23:29:34[0m
[0;32mI (204) app_init: ELF file SHA256:  edf9e4633...[0m
[0;32mI (209) app_init: ESP-IDF:          v5.5.1[0m
[0;32mI (213) efuse_init: Min chip rev:     v0.0[0m
[0;32mI (216) efuse_init: Max chip rev:     v3.99 [0m
[0;32mI (220) efuse_init: Chip rev:         v3.1[0m
[0;32mI (225) heap_init: Initializing. RAM available for dynamic allocation:[0m
[0;32mI (231) heap_init: At 3FFAE6E0 len 00001920 (6 KiB): DRAM[0m
[0;32mI (236) heap_init: At 3FFB2EE8 len 0002D118 (180 KiB): DRAM[0m
[0;32mI (241) heap_init: At 3FFE0440 len 00003AE0 (14 KiB): D/IRAM[0m
[0;32mI (246) heap_init: At 3FFE4350 len 0001BCB0 (111 KiB): D/IRAM[0m
[0;32mI (252) heap_init: At 400901C4 len 0000FE3C (63 KiB): IRAM[0m
[0;32mI (259) spi_flash: detected chip: generic[0m
[0;32mI (261) spi_flash: flash io: dio[0m
[0;33mW (264) spi_flash: Detected size(4096k) larger than the size in the binary image header(2048k). Using the size in the binary image header.[0m
[0;32mI (277) main_task: Started on CPU0[0m
[0;32mI (287) main_task: Calling app_main()[0m
[0;32mI (287) TX_TDS_SLEEP: Acordei pelo TIMER[0m
[0;32mI (5577) TX_TDS_SLEEP: LoRa sent: TD,41,0.10[0m
[0;32mI (5677) TX_TDS_SLEEP: Dormindo por 30 seg...[0m
[0;32mI (15) boot: ESP-IDF v5.5.1 2nd stage bootloader[0m
[0;32mI (15) boot: compile time Oct 27 2025 23:25:13[0m
[0;32mI (15) boot: Multicore bootloader[0m
[0;32mI (15) boot: chip revision: v3.1[0m
[0;32mI (18) boot.esp32: SPI Speed      : 40MHz[0m
[0;32mI (22) boot.esp32: SPI Mode       : DIO[0m
[0;32mI (25) boot.esp32: SPI Flash Size : 2MB[0m
[0;32mI (29) boot: Enabling RNG early entropy source...[0m
[0;32mI (33) boot: Partition Table:[0m
[0;32mI (36) boot: ## Label            Usage          Type ST Offset   Length[0m
[0;32mI (42) boot:  0 nvs              WiFi data        01 02 00009000 00006000[0m
[0;32mI (49) boot:  1 phy_init         RF data          01 01 0000f000 00001000[0m
[0;32mI (55) boot:  2 factory          factory app      00 00 00010000 00100000[0m
[0;32mI (62) boot: End of partition table[0m
[0;32mI (65) esp_image: segment 0: paddr=00010020 vaddr=3f400020 size=0c350h ( 50000) map[0m
[0;32mI (90) esp_image: segment 1: paddr=0001c378 vaddr=3ffb0000 size=02590h (  9616) load[0m
[0;32mI (94) esp_image: segment 2: paddr=0001e910 vaddr=40080000 size=01708h (  5896) load[0m
[0;32mI (96) esp_image: segment 3: paddr=00020020 vaddr=400d0020 size=1b4a0h (111776) map[0m
[0;32mI (139) esp_image: segment 4: paddr=0003b4c8 vaddr=40081708 size=0eabch ( 60092) load[0m
[0;32mI (163) esp_image: segment 5: paddr=00049f8c vaddr=50000000 size=000b8h (   184) [0m
[0;32mI (171) boot: Loaded app from partition at offset 0x10000[0m
[0;32mI (171) boot: Disabling RNG early entropy source...[0m
[0;32mI (183) cpu_start: Multicore app[0m
[0;32mI (191) cpu_start: Pro cpu start user code[0m
[0;32mI (191) cpu_start: cpu freq: 160000000 Hz[0m
[0;32mI (191) app_init: Application information:[0m
[0;32mI (191) app_init: Project name:     lora[0m
[0;32mI (195) app_init: App version:      eb3e4bf-dirty[0m
[0;32mI (199) app_init: Compile time:     Oct 27 2025 23:29:34[0m
[0;32mI (204) app_init: ELF file SHA256:  edf9e4633...[0m
[0;32mI (209) app_init: ESP-IDF:          v5.5.1[0m
[0;32mI (213) efuse_init: Min chip rev:     v0.0[0m
[0;32mI (216) efuse_init: Max chip rev:     v3.99 [0m
[0;32mI (220) efuse_init: Chip rev:         v3.1[0m
[0;32mI (225) heap_init: Initializing. RAM available for dynamic allocation:[0m
[0;32mI (231) heap_init: At 3FFAE6E0 len 00001920 (6 KiB): DRAM[0m
[0;32mI (236) heap_init: At 3FFB2EE8 len 0002D118 (180 KiB): DRAM[0m
[0;32mI (241) heap_init: At 3FFE0440 len 00003AE0 (14 KiB): D/IRAM[0m
[0;32mI (246) heap_init: At 3FFE4350 len 0001BCB0 (111 KiB): D/IRAM[0m
[0;32mI (252) heap_init: At 400901C4 len 0000FE3C (63 KiB): IRAM[0m
[0;32mI (259) spi_flash: detected chip: generic[0m
[0;32mI (261) spi_flash: flash io: dio[0m
[0;33mW (264) spi_flash: Detected size(4096k) larger than the size in the binary image header(2048k). Using the size in the binary image header.[0m
[0;32mI (276) main_task: Started on CPU0[0m
[0;32mI (286) main_task: Calling app_main()[0m
[0;32mI (286) TX_TDS_SLEEP: Acordei pelo TIMER[0m
[0;32mI (5576) TX_TDS_SLEEP: LoRa sent: TD,40,0.10[0m
[0;32mI (5676) TX_TDS_SLEEP: Dormindo por 30 seg...[0m
[0;32mI (15) boot: ESP-IDF v5.5.1 2nd stage bootloader[0m
[0;32mI (15) boot: compile time Oct 27 2025 23:25:13[0m
[0;32mI (15) boot: Multicore bootloader[0m
[0;32mI (15) boot: chip revision: v3.1[0m
[0;32mI (18) boot.esp32: SPI Speed      : 40MHz[0m
[0;32mI (22) boot.esp32: SPI Mode       : DIO[0m
[0;32mI (25) boot.esp32: SPI Flash Size : 2MB[0m
[0;32mI (29) boot: Enabling RNG early entropy source...[0m
[0;32mI (33) boot: Partition Table:[0m
[0;32mI (36) boot: ## Label            Usage          Type ST Offset   Length[0m
[0;32mI (42) boot:  0 nvs              WiFi data        01 02 00009000 00006000[0m
[0;32mI (49) boot:  1 phy_init         RF data          01 01 0000f000 00001000[0m
[0;32mI (55) boot:  2 factory          factory app      00 00 00010000 00100000[0m
[0;32mI (62) boot: End of partition table[0m
[0;32mI (65) esp_image: segment 0: paddr=00010020 vaddr=3f400020 size=0c350h ( 50000) map[0m
[0;32mI (90) esp_image: segment 1: paddr=0001c378 vaddr=3ffb0000 size=02590h (  9616) load[0m
[0;32mI (94) esp_image: segment 2: paddr=0001e910 vaddr=40080000 size=01708h (  5896) load[0m
[0;32mI (96) esp_image: segment 3: paddr=00020020 vaddr=400d0020 size=1b4a0h (111776) map[0m
[0;32mI (139) esp_image: segment 4: paddr=0003b4c8 vaddr=40081708 size=0eabch ( 60092) load[0m
[0;32mI (163) esp_image: segment 5: paddr=00049f8c vaddr=50000000 size=000b8h (   184) [0m
[0;32mI (171) boot: Loaded app from partition at offset 0x10000[0m
[0;32mI (171) boot: Disabling RNG early entropy source...[0m
[0;32mI (183) cpu_start: Multicore app[0m
[0;32mI (191) cpu_start: Pro cpu start user code[0m
[0;32mI (191) cpu_start: cpu freq: 160000000 Hz[0m
[0;32mI (191) app_init: Application information:[0m
[0;32mI (191) app_init: Project name:     lora[0m
[0;32mI (195) app_init: App version:      eb3e4bf-dirty[0m
[0;32mI (199) app_init: Compile time:     Oct 27 2025 23:29:34[0m
[0;32mI (204) app_init: ELF file SHA256:  edf9e4633...[0m
[0;32mI (209) app_init: ESP-IDF:          v5.5.1[0m
[0;32mI (213) efuse_init: Min chip rev:     v0.0[0m
[0;32mI (216) efuse_init: Max chip rev:     v3.99 [0m
[0;32mI (220) efuse_init: Chip rev:         v3.1[0m
[0;32mI (225) heap_init: Initializing. RAM available for dynamic allocation:[0m
[0;32mI (231) heap_init: At 3FFAE6E0 len 00001920 (6 KiB): DRAM[0m
[0;32mI (236) heap_init: At 3FFB2EE8 len 0002D118 (180 KiB): DRAM[0m
[0;32mI (241) heap_init: At 3FFE0440 len 00003AE0 (14 KiB): D/IRAM[0m
[0;32mI (246) heap_init: At 3FFE4350 len 0001BCB0 (111 KiB): D/IRAM[0m
[0;32mI (252) heap_init: At 400901C4 len 0000FE3C (63 KiB): IRAM[0m
[0;32mI (259) spi_flash: detected chip: generic[0m
[0;32mI (261) spi_flash: flash io: dio[0m
[0;33mW (264) spi_flash: Detected size(4096k) larger than the size in the binary image header(2048k). Using the size in the binary image header.[0m
[0;32mI (276) main_task: Started on CPU0[0m
[0;32mI (286) main_task: Calling app_main()[0m
[0;32mI (286) TX_TDS_SLEEP: Acordei pelo TIMER[0m
[0;32mI (5576) TX_TDS_SLEEP: LoRa sent: TD,39,0.09[0m
[0;32mI (5676) TX_TDS_SLEEP: Dormindo por 30 seg...[0m
[0;32mI (15) boot: ESP-IDF v5.5.1 2nd stage bootloader[0m
[0;32mI (15) boot: compile time Oct 27 2025 23:25:13[0m
[0;32mI (15) boot: Multicore bootloader[0m
[0;32mI (15) boot: chip revision: v3.1[0m
[0;32mI (18) boot.esp32: SPI Speed      : 40MHz[0m
[0;32mI (22) boot.esp32: SPI Mode       : DIO[0m
[0;32mI (25) boot.esp32: SPI Flash Size : 2MB[0m
[0;32mI (29) boot: Enabling RNG early entropy source...[0m
[0;32mI (33) boot: Partition Table:[0m
[0;32mI (36) boot: ## Label            Usage          Type ST Offset   Length[0m
[0;32mI (42) boot:  0 nvs              WiFi data        01 02 00009000 00006000[0m
[0;32mI (49) boot:  1 phy_init         RF data          01 01 0000f000 00001000[0m
[0;32mI (55) boot:  2 factory          factory app      00 00 00010000 00100000[0m
[0;32mI (62) boot: End of partition table[0m
[0;32mI (65) esp_image: segment 0: paddr=00010020 vaddr=3f400020 size=0c350h ( 50000) map[0m
[0;32mI (90) esp_image: segment 1: paddr=0001c378 vaddr=3ffb0000 size=02590h (  9616) load[0m
[0;32mI (94) esp_image: segment 2: paddr=0001e910 vaddr=40080000 size=01708h (  5896) load[0m
[0;32mI (96) esp_image: segment 3: paddr=00020020 vaddr=400d0020 size=1b4a0h (111776) map[0m
[0;32mI (139) esp_image: segment 4: paddr=0003b4c8 vaddr=40081708 size=0eabch ( 60092) load[0m
[0;32mI (163) esp_image: segment 5: paddr=00049f8c vaddr=50000000 size=000b8h (   184) [0m
[0;32mI (171) boot: Loaded app from partition at offset 0x10000[0m
[0;32mI (171) boot: Disabling RNG early entropy source...[0m
[0;32mI (183) cpu_start: Multicore app[0m
[0;32mI (191) cpu_start: Pro cpu start user code[0m
[0;32mI (191) cpu_start: cpu freq: 160000000 Hz[0m
[0;32mI (191) app_init: Application information:[0m
[0;32mI (191) app_init: Project name:     lora[0m
[0;32mI (195) app_init: App version:      eb3e4bf-dirty[0m
[0;32mI (199) app_init: Compile time:     Oct 27 2025 23:29:34[0m
[0;32mI (204) app_init: ELF file SHA256:  edf9e4633...[0m
[0;32mI (209) app_init: ESP-IDF:          v5.5.1[0m
[0;32mI (213) efuse_init: Min chip rev:     v0.0[0m
[0;32mI (216) efuse_init: Max chip rev:     v3.99 [0m
[0;32mI (220) efuse_init: Chip rev:         v3.1[0m
[0;32mI (225) heap_init: Initializing. RAM available for dynamic allocation:[0m
[0;32mI (231) heap_init: At 3FFAE6E0 len 00001920 (6 KiB): DRAM[0m
[0;32mI (236) heap_init: At 3FFB2EE8 len 0002D118 (180 KiB): DRAM[0m
[0;32mI (241) heap_init: At 3FFE0440 len 00003AE0 (14 KiB): D/IRAM[0m
[0;32mI (246) heap_init: At 3FFE4350 len 0001BCB0 (111 KiB): D/IRAM[0m
[0;32mI (252) heap_init: At 400901C4 len 0000FE3C (63 KiB): IRAM[0m
[0;32mI (259) spi_flash: detected chip: generic[0m
[0;32mI (261) spi_flash: flash io: dio[0m
[0;33mW (264) spi_flash: Detected size(4096k) larger than the size in the binary image header(2048k). Using the size in the binary image header.[0m
[0;32mI (276) main_task: Started on CPU0[0m
[0;32mI (286) main_task: Calling app_main()[0m
[0;32mI (286) TX_TDS_SLEEP: Acordei pelo TIMER[0m
[0;32mI (5576) TX_TDS_SLEEP: LoRa sent: TD,41,0.10[0m
[0;32mI (5676) TX_TDS_SLEEP: Dormindo por 30 seg...[0m
[0;32mI (15) boot: ESP-IDF v5.5.1 2nd stage bootloader[0m
[0;32mI (15) boot: compile time Oct 27 2025 23:25:13[0m
[0;32mI (15) boot: Multicore bootloader[0m
[0;32mI (15) boot: chip revision: v3.1[0m
[0;32mI (18) boot.esp32: SPI Speed      : 40MHz[0m
[0;32mI (22) boot.esp32: SPI Mode       : DIO[0m
[0;32mI (25) boot.esp32: SPI Flash Size : 2MB[0m
[0;32mI (29) boot: Enabling RNG early entropy source...[0m
[0;32mI (33) boot: Partition Table:[0m
[0;32mI (36) boot: ## Label            Usage          Type ST Offset   Length[0m
[0;32mI (42) boot:  0 nvs              WiFi data        01 02 00009000 00006000[0m
[0;32mI (49) boot:  1 phy_init         RF data          01 01 0000f000 00001000[0m
[0;32mI (55) boot:  2 factory          factory app      00 00 00010000 00100000[0m
[0;32mI (62) boot: End of partition table[0m
[0;32mI (65) esp_image: segment 0: paddr=00010020 vaddr=3f400020 size=0c350h ( 50000) map[0m
[0;32mI (90) esp_image: segment 1: paddr=0001c378 vaddr=3ffb0000 size=02590h (  9616) load[0m
[0;32mI (94) esp_image: segment 2: paddr=0001e910 vaddr=40080000 size=01708h (  5896) load[0m
[0;32mI (96) esp_image: segment 3: paddr=00020020 vaddr=400d0020 size=1b4a0h (111776) map[0m
[0;32mI (139) esp_image: segment 4: paddr=0003b4c8 vaddr=40081708 size=0eabch ( 60092) load[0m
[0;32mI (163) esp_image: segment 5: paddr=00049f8c vaddr=50000000 size=000b8h (   184) [0m
[0;32mI (171) boot: Loaded app from partition at offset 0x10000[0m
[0;32mI (171) boot: Disabling RNG early entropy source...[0m
[0;32mI (183) cpu_start: Multicore app[0m
[0;32mI (191) cpu_start: Pro cpu start user code[0m
[0;32mI (191) cpu_start: cpu freq: 160000000 Hz[0m
[0;32mI (191) app_init: Application information:[0m
[0;32mI (191) app_init: Project name:     lora[0m
[0;32mI (195) app_init: App version:      eb3e4bf-dirty[0m
[0;32mI (199) app_init: Compile time:     Oct 27 2025 23:29:34[0m
[0;32mI (204) app_init: ELF file SHA256:  edf9e4633...[0m
[0;32mI (209) app_init: ESP-IDF:          v5.5.1[0m
[0;32mI (213) efuse_init: Min chip rev:     v0.0[0m
[0;32mI (216) efuse_init: Max chip rev:     v3.99 [0m
[0;32mI (220) efuse_init: Chip rev:         v3.1[0m
[0;32mI (225) heap_init: Initializing. RAM available for dynamic allocation:[0m
[0;32mI (231) heap_init: At 3FFAE6E0 len 00001920 (6 KiB): DRAM[0m
[0;32mI (236) heap_init: At 3FFB2EE8 len 0002D118 (180 KiB): DRAM[0m
[0;32mI (241) heap_init: At 3FFE0440 len 00003AE0 (14 KiB): D/IRAM[0m
[0;32mI (246) heap_init: At 3FFE4350 len 0001BCB0 (111 KiB): D/IRAM[0m
[0;32mI (252) heap_init: At 400901C4 len 0000FE3C (63 KiB): IRAM[0m
[0;32mI (259) spi_flash: detected chip: generic[0m
[0;32mI (261) spi_flash: flash io: dio[0m
[0;33mW (264) spi_flash: Detected size(4096k) larger than the size in the binary image header(2048k). Using the size in the binary image header.[0m
[0;32mI (276) main_task: Started on CPU0[0m
[0;32mI (286) main_task: Calling app_main()[0m
[0;32mI (286) TX_TDS_SLEEP: Acordei pelo TIMER[0m
[0;32mI (5576) TX_TDS_SLEEP: LoRa sent: TD,41,0.10[0m
[0;32mI (5676) TX_TDS_SLEEP: Dormindo por 30 seg...[0m
[0;32mI (15) boot: ESP-IDF v5.5.1 2nd stage bootloader[0m
[0;32mI (15) boot: compile time Oct 27 2025 23:25:13[0m
[0;32mI (15) boot: Multicore bootloader[0m
[0;32mI (15) boot: chip revision: v3.1[0m
[0;32mI (18) boot.esp32: SPI Speed      : 40MHz[0m
[0;32mI (22) boot.esp32: SPI Mode       : DIO[0m
[0;32mI (25) boot.esp32: SPI Flash Size : 2MB[0m
[0;32mI (29) boot: Enabling RNG early entropy source...[0m
[0;32mI (33) boot: Partition Table:[0m
[0;32mI (36) boot: ## Label            Usage          Type ST Offset   Length[0m
[0;32mI (42) boot:  0 nvs              WiFi data        01 02 00009000 00006000[0m
[0;32mI (49) boot:  1 phy_init         RF data          01 01 0000f000 00001000[0m
[0;32mI (55) boot:  2 factory          factory app      00 00 00010000 00100000[0m
[0;32mI (62) boot: End of partition table[0m
[0;32mI (65) esp_image: segment 0: paddr=00010020 vaddr=3f400020 size=0c350h ( 50000) map[0m
[0;32mI (90) esp_image: segment 1: paddr=0001c378 vaddr=3ffb0000 size=02590h (  9616) load[0m
[0;32mI (94) esp_image: segment 2: paddr=0001e910 vaddr=40080000 size=01708h (  5896) load[0m
[0;32mI (96) esp_image: segment 3: paddr=00020020 vaddr=400d0020 size=1b4a0h (111776) map[0m
[0;32mI (139) esp_image: segment 4: paddr=0003b4c8 vaddr=40081708 size=0eabch ( 60092) load[0m
[0;32mI (163) esp_image: segment 5: paddr=00049f8c vaddr=50000000 size=000b8h (   184) [0m
[0;32mI (171) boot: Loaded app from partition at offset 0x10000[0m
[0;32mI (171) boot: Disabling RNG early entropy source...[0m
[0;32mI (183) cpu_start: Multicore app[0m
[0;32mI (191) cpu_start: Pro cpu start user code[0m
[0;32mI (191) cpu_start: cpu freq: 160000000 Hz[0m
[0;32mI (191) app_init: Application information:[0m
[0;32mI (191) app_init: Project name:     lora[0m
[0;32mI (195) app_init: App version:      eb3e4bf-dirty[0m
[0;32mI (199) app_init: Compile time:     Oct 27 2025 23:29:34[0m
[0;32mI (204) app_init: ELF file SHA256:  edf9e4633...[0m
[0;32mI (209) app_init: ESP-IDF:          v5.5.1[0m
[0;32mI (213) efuse_init: Min chip rev:     v0.0[0m
[0;32mI (216) efuse_init: Max chip rev:     v3.99 [0m
[0;32mI (220) efuse_init: Chip rev:         v3.1[0m
[0;32mI (225) heap_init: Initializing. RAM available for dynamic allocation:[0m
[0;32mI (231) heap_init: At 3FFAE6E0 len 00001920 (6 KiB): DRAM[0m
[0;32mI (236) heap_init: At 3FFB2EE8 len 0002D118 (180 KiB): DRAM[0m
[0;32mI (241) heap_init: At 3FFE0440 len 00003AE0 (14 KiB): D/IRAM[0m
[0;32mI (246) heap_init: At 3FFE4350 len 0001BCB0 (111 KiB): D/IRAM[0m
[0;32mI (252) heap_init: At 400901C4 len 0000FE3C (63 KiB): IRAM[0m
[0;32mI (259) spi_flash: detected chip: generic[0m
[0;32mI (261) spi_flash: flash io: dio[0m
[0;33mW (264) spi_flash: Detected size(4096k) larger than the size in the binary image header(2048k). Using the size in the binary image header.[0m
[0;32mI (277) main_task: Started on CPU0[0m
[0;32mI (287) main_task: Calling app_main()[0m
[0;32mI (287) TX_TDS_SLEEP: Acordei pelo TIMER[0m
[0;32mI (5577) TX_TDS_SLEEP: LoRa sent: TD,41,0.10[0m
[0;32mI (5677) TX_TDS_SLEEP: Dormindo por 30 seg...[0m
[0;32mI (15) boot: ESP-IDF v5.5.1 2nd stage bootloader[0m
[0;32mI (15) boot: compile time Oct 27 2025 23:25:13[0m
[0;32mI (15) boot: Multicore bootloader[0m
[0;32mI (15) boot: chip revision: v3.1[0m
[0;32mI (18) boot.esp32: SPI Speed      : 40MHz[0m
[0;32mI (22) boot.esp32: SPI Mode       : DIO[0m
[0;32mI (25) boot.esp32: SPI Flash Size : 2MB[0m
[0;32mI (29) boot: Enabling RNG early entropy source...[0m
[0;32mI (33) boot: Partition Table:[0m
[0;32mI (36) boot: ## Label            Usage          Type ST Offset   Length[0m
[0;32mI (42) boot:  0 nvs              WiFi data        01 02 00009000 00006000[0m
[0;32mI (49) boot:  1 phy_init         RF data          01 01 0000f000 00001000[0m
[0;32mI (55) boot:  2 factory          factory app      00 00 00010000 00100000[0m
[0;32mI (62) boot: End of partition table[0m
[0;32mI (65) esp_image: segment 0: paddr=00010020 vaddr=3f400020 size=0c350h ( 50000) map[0m
[0;32mI (90) esp_image: segment 1: paddr=0001c378 vaddr=3ffb0000 size=02590h (  9616) load[0m
[0;32mI (94) esp_image: segment 2: paddr=0001e910 vaddr=40080000 size=01708h (  5896) load[0m
[0;32mI (96) esp_image: segment 3: paddr=00020020 vaddr=400d0020 size=1b4a0h (111776) map[0m
[0;32mI (139) esp_image: segment 4: paddr=0003b4c8 vaddr=40081708 size=0eabch ( 60092) load[0m
[0;32mI (163) esp_image: segment 5: paddr=00049f8c vaddr=50000000 size=000b8h (   184) [0m
[0;32mI (171) boot: Loaded app from partition at offset 0x10000[0m
[0;32mI (171) boot: Disabling RNG early entropy source...[0m
[0;32mI (183) cpu_start: Multicore app[0m
[0;32mI (191) cpu_start: Pro cpu start user code[0m
[0;32mI (191) cpu_start: cpu freq: 160000000 Hz[0m
[0;32mI (191) app_init: Application information:[0m
[0;32mI (191) app_init: Project name:     lora[0m
[0;32mI (195) app_init: App version:      eb3e4bf-dirty[0m
[0;32mI (199) app_init: Compile time:     Oct 27 2025 23:29:34[0m
[0;32mI (204) app_init: ELF file SHA256:  edf9e4633...[0m
[0;32mI (209) app_init: ESP-IDF:          v5.5.1[0m
[0;32mI (213) efuse_init: Min chip rev:     v0.0[0m
[0;32mI (216) efuse_init: Max chip rev:     v3.99 [0m
[0;32mI (220) efuse_init: Chip rev:         v3.1[0m
[0;32mI (225) heap_init: Initializing. RAM available for dynamic allocation:[0m
[0;32mI (231) heap_init: At 3FFAE6E0 len 00001920 (6 KiB): DRAM[0m
[0;32mI (236) heap_init: At 3FFB2EE8 len 0002D118 (180 KiB): DRAM[0m
[0;32mI (241) heap_init: At 3FFE0440 len 00003AE0 (14 KiB): D/IRAM[0m
[0;32mI (246) heap_init: At 3FFE4350 len 0001BCB0 (111 KiB): D/IRAM[0m
[0;32mI (252) heap_init: At 400901C4 len 0000FE3C (63 KiB): IRAM[0m
[0;32mI (259) spi_flash: detected chip: generic[0m
[0;32mI (261) spi_flash: flash io: dio[0m
[0;33mW (264) spi_flash: Detected size(4096k) larger than the size in the binary image header(2048k). Using the size in the binary image header.[0m
[0;32mI (277) main_task: Started on CPU0[0m
[0;32mI (287) main_task: Calling app_main()[0m
[0;32mI (287) TX_TDS_SLEEP: Acordei pelo TIMER[0m
[0;32mI (5577) TX_TDS_SLEEP: LoRa sent: TD,40,0.10[0m
[0;32mI (5677) TX_TDS_SLEEP: Dormindo por 30 seg...[0m
[0;32mI (15) boot: ESP-IDF v5.5.1 2nd stage bootloader[0m
[0;32mI (15) boot: compile time Oct 27 2025 23:25:13[0m
[0;32mI (15) boot: Multicore bootloader[0m
[0;32mI (15) boot: chip revision: v3.1[0m
[0;32mI (18) boot.esp32: SPI Speed      : 40MHz[0m
[0;32mI (22) boot.esp32: SPI Mode       : DIO[0m
[0;32mI (25) boot.esp32: SPI Flash Size : 2MB[0m
[0;32mI (29) boot: Enabling RNG early entropy source...[0m
[0;32mI (33) boot: Partition Table:[0m
[0;32mI (36) boot: ## Label            Usage          Type ST Offset   Length[0m
[0;32mI (42) boot:  0 nvs              WiFi data        01 02 00009000 00006000[0m
[0;32mI (49) boot:  1 phy_init         RF data          01 01 0000f000 00001000[0m
[0;32mI (55) boot:  2 factory          factory app      00 00 00010000 00100000[0m
[0;32mI (62) boot: End of partition table[0m
[0;32mI (65) esp_image: segment 0: paddr=00010020 vaddr=3f400020 size=0c350h ( 50000) map[0m
[0;32mI (90) esp_image: segment 1: paddr=0001c378 vaddr=3ffb0000 size=02590h (  9616) load[0m
[0;32mI (94) esp_image: segment 2: paddr=0001e910 vaddr=40080000 size=01708h (  5896) load[0m
[0;32mI (96) esp_image: segment 3: paddr=00020020 vaddr=400d0020 size=1b4a0h (111776) map[0m
[0;32mI (139) esp_image: segment 4: paddr=0003b4c8 vaddr=40081708 size=0eabch ( 60092) load[0m
[0;32mI (163) esp_image: segment 5: paddr=00049f8c vaddr=50000000 size=000b8h (   184) [0m
[0;32mI (171) boot: Loaded app from partition at offset 0x10000[0m
[0;32mI (171) boot: Disabling RNG early entropy source...[0m
[0;32mI (183) cpu_start: Multicore app[0m
[0;32mI (191) cpu_start: Pro cpu start user code[0m
[0;32mI (191) cpu_start: cpu freq: 160000000 Hz[0m
[0;32mI (191) app_init: Application information:[0m
[0;32mI (191) app_init: Project name:     lora[0m
[0;32mI (195) app_init: App version:      eb3e4bf-dirty[0m
[0;32mI (199) app_init: Compile time:     Oct 27 2025 23:29:34[0m
[0;32mI (204) app_init: ELF file SHA256:  edf9e4633...[0m
[0;32mI (209) app_init: ESP-IDF:          v5.5.1[0m
[0;32mI (213) efuse_init: Min chip rev:     v0.0[0m
[0;32mI (216) efuse_init: Max chip rev:     v3.99 [0m
[0;32mI (220) efuse_init: Chip rev:         v3.1[0m
[0;32mI (225) heap_init: Initializing. RAM available for dynamic allocation:[0m
[0;32mI (231) heap_init: At 3FFAE6E0 len 00001920 (6 KiB): DRAM[0m
[0;32mI (236) heap_init: At 3FFB2EE8 len 0002D118 (180 KiB): DRAM[0m
[0;32mI (241) heap_init: At 3FFE0440 len 00003AE0 (14 KiB): D/IRAM[0m
[0;32mI (246) heap_init: At 3FFE4350 len 0001BCB0 (111 KiB): D/IRAM[0m
[0;32mI (252) heap_init: At 400901C4 len 0000FE3C (63 KiB): IRAM[0m
[0;32mI (259) spi_flash: detected chip: generic[0m
[0;32mI (261) spi_flash: flash io: dio[0m
[0;33mW (264) spi_flash: Detected size(4096k) larger than the size in the binary image header(2048k). Using the size in the binary image header.[0m
[0;32mI (277) main_task: Started on CPU0[0m
[0;32mI (287) main_task: Calling app_main()[0m
[0;32mI (287) TX_TDS_SLEEP: Acordei pelo TIMER[0m
[0;32mI (5577) TX_TDS_SLEEP: LoRa sent: TD,40,0.10[0m
[0;32mI (5677) TX_TDS_SLEEP: Dormindo por 30 seg...[0m
[0;32mI (15) boot: ESP-IDF v5.5.1 2nd stage bootloader[0m
[0;32mI (15) boot: compile time Oct 27 2025 23:25:13[0m
[0;32mI (15) boot: Multicore bootloader[0m
[0;32mI (15) boot: chip revision: v3.1[0m
[0;32mI (18) boot.esp32: SPI Speed      : 40MHz[0m
[0;32mI (22) boot.esp32: SPI Mode       : DIO[0m
[0;32mI (25) boot.esp32: SPI Flash Size : 2MB[0m
[0;32mI (29) boot: Enabling RNG early entropy source...[0m
[0;32mI (33) boot: Partition Table:[0m
[0;32mI (36) boot: ## Label            Usage          Type ST Offset   Length[0m
[0;32mI (42) boot:  0 nvs              WiFi data        01 02 00009000 00006000[0m
[0;32mI (49) boot:  1 phy_init         RF data          01 01 0000f000 00001000[0m
[0;32mI (55) boot:  2 factory          factory app      00 00 00010000 00100000[0m
[0;32mI (62) boot: End of partition table[0m
[0;32mI (65) esp_image: segment 0: paddr=00010020 vaddr=3f400020 size=0c350h ( 50000) map[0m
[0;32mI (90) esp_image: segment 1: paddr=0001c378 vaddr=3ffb0000 size=02590h (  9616) load[0m
[0;32mI (94) esp_image: segment 2: paddr=0001e910 vaddr=40080000 size=01708h (  5896) load[0m
[0;32mI (96) esp_image: segment 3: paddr=00020020 vaddr=400d0020 size=1b4a0h (111776) map[0m
[0;32mI (139) esp_image: segment 4: paddr=0003b4c8 vaddr=40081708 size=0eabch ( 60092) load[0m
[0;32mI (163) esp_image: segment 5: paddr=00049f8c vaddr=50000000 size=000b8h (   184) [0m
[0;32mI (171) boot: Loaded app from partition at offset 0x10000[0m
[0;32mI (171) boot: Disabling RNG early entropy source...[0m
[0;32mI (183) cpu_start: Multicore app[0m
[0;32mI (191) cpu_start: Pro cpu start user code[0m
[0;32mI (191) cpu_start: cpu freq: 160000000 Hz[0m
[0;32mI (191) app_init: Application information:[0m
[0;32mI (191) app_init: Project name:     lora[0m
[0;32mI (195) app_init: App version:      eb3e4bf-dirty[0m
[0;32mI (199) app_init: Compile time:     Oct 27 2025 23:29:34[0m
[0;32mI (204) app_init: ELF file SHA256:  edf9e4633...[0m
[0;32mI (209) app_init: ESP-IDF:          v5.5.1[0m
[0;32mI (213) efuse_init: Min chip rev:     v0.0[0m
[0;32mI (216) efuse_init: Max chip rev:     v3.99 [0m
[0;32mI (220) efuse_init: Chip rev:         v3.1[0m
[0;32mI (225) heap_init: Initializing. RAM available for dynamic allocation:[0m
[0;32mI (231) heap_init: At 3FFAE6E0 len 00001920 (6 KiB): DRAM[0m
[0;32mI (236) heap_init: At 3FFB2EE8 len 0002D118 (180 KiB): DRAM[0m
[0;32mI (241) heap_init: At 3FFE0440 len 00003AE0 (14 KiB): D/IRAM[0m
[0;32mI (246) heap_init: At 3FFE4350 len 0001BCB0 (111 KiB): D/IRAM[0m
[0;32mI (252) heap_init: At 400901C4 len 0000FE3C (63 KiB): IRAM[0m
[0;32mI (259) spi_flash: detected chip: generic[0m
[0;32mI (261) spi_flash: flash io: dio[0m
[0;33mW (264) spi_flash: Detected size(4096k) larger than the size in the binary image header(2048k). Using the size in the binary image header.[0m
[0;32mI (276) main_task: Started on CPU0[0m
[0;32mI (286) main_task: Calling app_main()[0m
[0;32mI (286) TX_TDS_SLEEP: Acordei pelo TIMER[0m
[0;32mI (5576) TX_TDS_SLEEP: LoRa sent: TD,40,0.10[0m
[0;32mI (5676) TX_TDS_SLEEP: Dormindo por 30 seg...[0m
[0;32mI (15) boot: ESP-IDF v5.5.1 2nd stage bootloader[0m
[0;32mI (15) boot: compile time Oct 27 2025 23:25:13[0m
[0;32mI (15) boot: Multicore bootloader[0m
[0;32mI (15) boot: chip revision: v3.1[0m
[0;32mI (18) boot.esp32: SPI Speed      : 40MHz[0m
[0;32mI (22) boot.esp32: SPI Mode       : DIO[0m
[0;32mI (25) boot.esp32: SPI Flash Size : 2MB[0m
[0;32mI (29) boot: Enabling RNG early entropy source...[0m
[0;32mI (33) boot: Partition Table:[0m
[0;32mI (36) boot: ## Label            Usage          Type ST Offset   Length[0m
[0;32mI (42) boot:  0 nvs              WiFi data        01 02 00009000 00006000[0m
[0;32mI (49) boot:  1 phy_init         RF data          01 01 0000f000 00001000[0m
[0;32mI (55) boot:  2 factory          factory app      00 00 00010000 00100000[0m
[0;32mI (62) boot: End of partition table[0m
[0;32mI (65) esp_image: segment 0: paddr=00010020 vaddr=3f400020 size=0c350h ( 50000) map[0m
[0;32mI (90) esp_image: segment 1: paddr=0001c378 vaddr=3ffb0000 size=02590h (  9616) load[0m
[0;32mI (94) esp_image: segment 2: paddr=0001e910 vaddr=40080000 size=01708h (  5896) load[0m
[0;32mI (96) esp_image: segment 3: paddr=00020020 vaddr=400d0020 size=1b4a0h (111776) map[0m
[0;32mI (139) esp_image: segment 4: paddr=0003b4c8 vaddr=40081708 size=0eabch ( 60092) load[0m
[0;32mI (163) esp_image: segment 5: paddr=00049f8c vaddr=50000000 size=000b8h (   184) [0m
[0;32mI (171) boot: Loaded app from partition at offset 0x10000[0m
[0;32mI (171) boot: Disabling RNG early entropy source...[0m
[0;32mI (183) cpu_start: Multicore app[0m
[0;32mI (191) cpu_start: Pro cpu start user code[0m
[0;32mI (191) cpu_start: cpu freq: 160000000 Hz[0m
[0;32mI (191) app_init: Application information:[0m
[0;32mI (191) app_init: Project name:     lora[0m
[0;32mI (195) app_init: App version:      eb3e4bf-dirty[0m
[0;32mI (199) app_init: Compile time:     Oct 27 2025 23:29:34[0m
[0;32mI (204) app_init: ELF file SHA256:  edf9e4633...[0m
[0;32mI (209) app_init: ESP-IDF:          v5.5.1[0m
[0;32mI (213) efuse_init: Min chip rev:     v0.0[0m
[0;32mI (216) efuse_init: Max chip rev:     v3.99 [0m
[0;32mI (220) efuse_init: Chip rev:         v3.1[0m
[0;32mI (225) heap_init: Initializing. RAM available for dynamic allocation:[0m
[0;32mI (231) heap_init: At 3FFAE6E0 len 00001920 (6 KiB): DRAM[0m
[0;32mI (236) heap_init: At 3FFB2EE8 len 0002D118 (180 KiB): DRAM[0m
[0;32mI (241) heap_init: At 3FFE0440 len 00003AE0 (14 KiB): D/IRAM[0m
[0;32mI (246) heap_init: At 3FFE4350 len 0001BCB0 (111 KiB): D/IRAM[0m
[0;32mI (252) heap_init: At 400901C4 len 0000FE3C (63 KiB): IRAM[0m
[0;32mI (259) spi_flash: detected chip: generic[0m
[0;32mI (261) spi_flash: flash io: dio[0m
[0;33mW (264) spi_flash: Detected size(4096k) larger than the size in the binary image header(2048k). Using the size in the binary image header.[0m
[0;32mI (277) main_task: Started on CPU0[0m
[0;32mI (287) main_task: Calling app_main()[0m
[0;32mI (287) TX_TDS_SLEEP: Acordei pelo TIMER[0m
[0;32mI (5577) TX_TDS_SLEEP: LoRa sent: TD,40,0.10[0m
[0;32mI (5677) TX_TDS_SLEEP: Dormindo por 30 seg...[0m
[0;32mI (15) boot: ESP-IDF v5.5.1 2nd stage bootloader[0m
[0;32mI (15) boot: compile time Oct 27 2025 23:25:13[0m
[0;32mI (15) boot: Multicore bootloader[0m
[0;32mI (15) boot: chip revision: v3.1[0m
[0;32mI (18) boot.esp32: SPI Speed      : 40MHz[0m
[0;32mI (22) boot.esp32: SPI Mode       : DIO[0m
[0;32mI (25) boot.esp32: SPI Flash Size : 2MB[0m
[0;32mI (29) boot: Enabling RNG early entropy source...[0m
[0;32mI (33) boot: Partition Table:[0m
[0;32mI (36) boot: ## Label            Usage          Type ST Offset   Length[0m
[0;32mI (42) boot:  0 nvs              WiFi data        01 02 00009000 00006000[0m
[0;32mI (49) boot:  1 phy_init         RF data          01 01 0000f000 00001000[0m
[0;32mI (55) boot:  2 factory          factory app      00 00 00010000 00100000[0m
[0;32mI (62) boot: End of partition table[0m
[0;32mI (65) esp_image: segment 0: paddr=00010020 vaddr=3f400020 size=0c350h ( 50000) map[0m
[0;32mI (90) esp_image: segment 1: paddr=0001c378 vaddr=3ffb0000 size=02590h (  9616) load[0m
[0;32mI (94) esp_image: segment 2: paddr=0001e910 vaddr=40080000 size=01708h (  5896) load[0m
[0;32mI (96) esp_image: segment 3: paddr=00020020 vaddr=400d0020 size=1b4a0h (111776) map[0m
[0;32mI (139) esp_image: segment 4: paddr=0003b4c8 vaddr=40081708 size=0eabch ( 60092) load[0m
[0;32mI (163) esp_image: segment 5: paddr=00049f8c vaddr=50000000 size=000b8h (   184) [0m
[0;32mI (171) boot: Loaded app from partition at offset 0x10000[0m
[0;32mI (171) boot: Disabling RNG early entropy source...[0m
[0;32mI (183) cpu_start: Multicore app[0m
[0;32mI (191) cpu_start: Pro cpu start user code[0m
[0;32mI (191) cpu_start: cpu freq: 160000000 Hz[0m
[0;32mI (191) app_init: Application information:[0m
[0;32mI (191) app_init: Project name:     lora[0m
[0;32mI (195) app_init: App version:      eb3e4bf-dirty[0m
[0;32mI (199) app_init: Compile time:     Oct 27 2025 23:29:34[0m
[0;32mI (204) app_init: ELF file SHA256:  edf9e4633...[0m
[0;32mI (209) app_init: ESP-IDF:          v5.5.1[0m
[0;32mI (213) efuse_init: Min chip rev:     v0.0[0m
[0;32mI (216) efuse_init: Max chip rev:     v3.99 [0m
[0;32mI (220) efuse_init: Chip rev:         v3.1[0m
[0;32mI (225) heap_init: Initializing. RAM available for dynamic allocation:[0m
[0;32mI (231) heap_init: At 3FFAE6E0 len 00001920 (6 KiB): DRAM[0m
[0;32mI (236) heap_init: At 3FFB2EE8 len 0002D118 (180 KiB): DRAM[0m
[0;32mI (241) heap_init: At 3FFE0440 len 00003AE0 (14 KiB): D/IRAM[0m
[0;32mI (246) heap_init: At 3FFE4350 len 0001BCB0 (111 KiB): D/IRAM[0m
[0;32mI (252) heap_init: At 400901C4 len 0000FE3C (63 KiB): IRAM[0m
[0;32mI (259) spi_flash: detected chip: generic[0m
[0;32mI (261) spi_flash: flash io: dio[0m
[0;33mW (264) spi_flash: Detected size(4096k) larger than the size in the binary image header(2048k). Using the size in the binary image header.[0m
[0;32mI (277) main_task: Started on CPU0[0m
[0;32mI (287) main_task: Calling app_main()[0m
[0;32mI (287) TX_TDS_SLEEP: Acordei pelo TIMER[0m
[0;32mI (5577) TX_TDS_SLEEP: LoRa sent: TD,41,0.10[0m
[0;32mI (5677) TX_TDS_SLEEP: Dormindo por 30 seg...[0m
[0;32mI (15) boot: ESP-IDF v5.5.1 2nd stage bootloader[0m
[0;32mI (15) boot: compile time Oct 27 2025 23:25:13[0m
[0;32mI (15) boot: Multicore bootloader[0m
[0;32mI (15) boot: chip revision: v3.1[0m
[0;32mI (18) boot.esp32: SPI Speed      : 40MHz[0m
[0;32mI (22) boot.esp32: SPI Mode       : DIO[0m
[0;32mI (25) boot.esp32: SPI Flash Size : 2MB[0m
[0;32mI (29) boot: Enabling RNG early entropy source...[0m
[0;32mI (33) boot: Partition Table:[0m
[0;32mI (36) boot: ## Label            Usage          Type ST Offset   Length[0m
[0;32mI (42) boot:  0 nvs              WiFi data        01 02 00009000 00006000[0m
[0;32mI (49) boot:  1 phy_init         RF data          01 01 0000f000 00001000[0m
[0;32mI (55) boot:  2 factory          factory app      00 00 00010000 00100000[0m
[0;32mI (62) boot: End of partition table[0m
[0;32mI (65) esp_image: segment 0: paddr=00010020 vaddr=3f400020 size=0c350h ( 50000) map[0m
[0;32mI (90) esp_image: segment 1: paddr=0001c378 vaddr=3ffb0000 size=02590h (  9616) load[0m
[0;32mI (94) esp_image: segment 2: paddr=0001e910 vaddr=40080000 size=01708h (  5896) load[0m
[0;32mI (96) esp_image: segment 3: paddr=00020020 vaddr=400d0020 size=1b4a0h (111776) map[0m
[0;32mI (139) esp_image: segment 4: paddr=0003b4c8 vaddr=40081708 size=0eabch ( 60092) load[0m
[0;32mI (163) esp_image: segment 5: paddr=00049f8c vaddr=50000000 size=000b8h (   184) [0m
[0;32mI (171) boot: Loaded app from partition at offset 0x10000[0m
[0;32mI (171) boot: Disabling RNG early entropy source...[0m
[0;32mI (183) cpu_start: Multicore app[0m
[0;32mI (191) cpu_start: Pro cpu start user code[0m
[0;32mI (191) cpu_start: cpu freq: 160000000 Hz[0m
[0;32mI (191) app_init: Application information:[0m
[0;32mI (191) app_init: Project name:     lora[0m
[0;32mI (195) app_init: App version:      eb3e4bf-dirty[0m
[0;32mI (199) app_init: Compile time:     Oct 27 2025 23:29:34[0m
[0;32mI (204) app_init: ELF file SHA256:  edf9e4633...[0m
[0;32mI (209) app_init: ESP-IDF:          v5.5.1[0m
[0;32mI (213) efuse_init: Min chip rev:     v0.0[0m
[0;32mI (216) efuse_init: Max chip rev:     v3.99 [0m
[0;32mI (220) efuse_init: Chip rev:         v3.1[0m
[0;32mI (225) heap_init: Initializing. RAM available for dynamic allocation:[0m
[0;32mI (231) heap_init: At 3FFAE6E0 len 00001920 (6 KiB): DRAM[0m
[0;32mI (236) heap_init: At 3FFB2EE8 len 0002D118 (180 KiB): DRAM[0m
[0;32mI (241) heap_init: At 3FFE0440 len 00003AE0 (14 KiB): D/IRAM[0m
[0;32mI (246) heap_init: At 3FFE4350 len 0001BCB0 (111 KiB): D/IRAM[0m
[0;32mI (252) heap_init: At 400901C4 len 0000FE3C (63 KiB): IRAM[0m
[0;32mI (259) spi_flash: detected chip: generic[0m
[0;32mI (261) spi_flash: flash io: dio[0m
[0;33mW (264) spi_flash: Detected size(4096k) larger than the size in the binary image header(2048k). Using the size in the binary image header.[0m
[0;32mI (277) main_task: Started on CPU0[0m
[0;32mI (287) main_task: Calling app_main()[0m
[0;32mI (287) TX_TDS_SLEEP: Acordei pelo TIMER[0m
[0;32mI (5577) TX_TDS_SLEEP: LoRa sent: TD,40,0.10[0m
[0;32mI (5677) TX_TDS_SLEEP: Dormindo por 30 seg...[0m
[0;32mI (15) boot: ESP-IDF v5.5.1 2nd stage bootloader[0m
[0;32mI (15) boot: compile time Oct 27 2025 23:25:13[0m
[0;32mI (15) boot: Multicore bootloader[0m
[0;32mI (15) boot: chip revision: v3.1[0m
[0;32mI (18) boot.esp32: SPI Speed      : 40MHz[0m
[0;32mI (22) boot.esp32: SPI Mode       : DIO[0m
[0;32mI (25) boot.esp32: SPI Flash Size : 2MB[0m
[0;32mI (29) boot: Enabling RNG early entropy source...[0m
[0;32mI (33) boot: Partition Table:[0m
[0;32mI (36) boot: ## Label            Usage          Type ST Offset   Length[0m
[0;32mI (42) boot:  0 nvs              WiFi data        01 02 00009000 00006000[0m
[0;32mI (49) boot:  1 phy_init         RF data          01 01 0000f000 00001000[0m
[0;32mI (55) boot:  2 factory          factory app      00 00 00010000 00100000[0m
[0;32mI (62) boot: End of partition table[0m
[0;32mI (65) esp_image: segment 0: paddr=00010020 vaddr=3f400020 size=0c350h ( 50000) map[0m
[0;32mI (90) esp_image: segment 1: paddr=0001c378 vaddr=3ffb0000 size=02590h (  9616) load[0m
[0;32mI (94) esp_image: segment 2: paddr=0001e910 vaddr=40080000 size=01708h (  5896) load[0m
[0;32mI (96) esp_image: segment 3: paddr=00020020 vaddr=400d0020 size=1b4a0h (111776) map[0m
[0;32mI (139) esp_image: segment 4: paddr=0003b4c8 vaddr=40081708 size=0eabch ( 60092) load[0m
[0;32mI (163) esp_image: segment 5: paddr=00049f8c vaddr=50000000 size=000b8h (   184) [0m
[0;32mI (171) boot: Loaded app from partition at offset 0x10000[0m
[0;32mI (171) boot: Disabling RNG early entropy source...[0m
[0;32mI (183) cpu_start: Multicore app[0m
[0;32mI (191) cpu_start: Pro cpu start user code[0m
[0;32mI (191) cpu_start: cpu freq: 160000000 Hz[0m
[0;32mI (191) app_init: Application information:[0m
[0;32mI (191) app_init: Project name:     lora[0m
[0;32mI (195) app_init: App version:      eb3e4bf-dirty[0m
[0;32mI (199) app_init: Compile time:     Oct 27 2025 23:29:34[0m
[0;32mI (204) app_init: ELF file SHA256:  edf9e4633...[0m
[0;32mI (209) app_init: ESP-IDF:          v5.5.1[0m
[0;32mI (213) efuse_init: Min chip rev:     v0.0[0m
[0;32mI (216) efuse_init: Max chip rev:     v3.99 [0m
[0;32mI (220) efuse_init: Chip rev:         v3.1[0m
[0;32mI (225) heap_init: Initializing. RAM available for dynamic allocation:[0m
[0;32mI (231) heap_init: At 3FFAE6E0 len 00001920 (6 KiB): DRAM[0m
[0;32mI (236) heap_init: At 3FFB2EE8 len 0002D118 (180 KiB): DRAM[0m
[0;32mI (241) heap_init: At 3FFE0440 len 00003AE0 (14 KiB): D/IRAM[0m
[0;32mI (246) heap_init: At 3FFE4350 len 0001BCB0 (111 KiB): D/IRAM[0m
[0;32mI (252) heap_init: At 400901C4 len 0000FE3C (63 KiB): IRAM[0m
[0;32mI (259) spi_flash: detected chip: generic[0m
[0;32mI (261) spi_flash: flash io: dio[0m
[0;33mW (264) spi_flash: Detected size(4096k) larger than the size in the binary image header(2048k). Using the size in the binary image header.[0m
[0;32mI (276) main_task: Started on CPU0[0m
[0;32mI (286) main_task: Calling app_main()[0m
[0;32mI (286) TX_TDS_SLEEP: Acordei pelo TIMER[0m
[0;32mI (5576) TX_TDS_SLEEP: LoRa sent: TD,42,0.10[0m
[0;32mI (5676) TX_TDS_SLEEP: Dormindo por 30 seg...[0m
[0;32mI (15) boot: ESP-IDF v5.5.1 2nd stage bootloader[0m
[0;32mI (15) boot: compile time Oct 27 2025 23:25:13[0m
[0;32mI (15) boot: Multicore bootloader[0m
[0;32mI (15) boot: chip revision: v3.1[0m
[0;32mI (18) boot.esp32: SPI Speed      : 40MHz[0m
[0;32mI (22) boot.esp32: SPI Mode       : DIO[0m
[0;32mI (25) boot.esp32: SPI Flash Size : 2MB[0m
[0;32mI (29) boot: Enabling RNG early entropy source...[0m
[0;32mI (33) boot: Partition Table:[0m
[0;32mI (36) boot: ## Label            Usage          Type ST Offset   Length[0m
[0;32mI (42) boot:  0 nvs              WiFi data        01 02 00009000 00006000[0m
[0;32mI (49) boot:  1 phy_init         RF data          01 01 0000f000 00001000[0m
[0;32mI (55) boot:  2 factory          factory app      00 00 00010000 00100000[0m
[0;32mI (62) boot: End of partition table[0m
[0;32mI (65) esp_image: segment 0: paddr=00010020 vaddr=3f400020 size=0c350h ( 50000) map[0m
[0;32mI (90) esp_image: segment 1: paddr=0001c378 vaddr=3ffb0000 size=02590h (  9616) load[0m
[0;32mI (94) esp_image: segment 2: paddr=0001e910 vaddr=40080000 size=01708h (  5896) load[0m
[0;32mI (96) esp_image: segment 3: paddr=00020020 vaddr=400d0020 size=1b4a0h (111776) map[0m
[0;32mI (139) esp_image: segment 4: paddr=0003b4c8 vaddr=40081708 size=0eabch ( 60092) load[0m
[0;32mI (163) esp_image: segment 5: paddr=00049f8c vaddr=50000000 size=000b8h (   184) [0m
[0;32mI (171) boot: Loaded app from partition at offset 0x10000[0m
[0;32mI (171) boot: Disabling RNG early entropy source...[0m
[0;32mI (183) cpu_start: Multicore app[0m
[0;32mI (191) cpu_start: Pro cpu start user code[0m
[0;32mI (191) cpu_start: cpu freq: 160000000 Hz[0m
[0;32mI (191) app_init: Application information:[0m
[0;32mI (191) app_init: Project name:     lora[0m
[0;32mI (195) app_init: App version:      eb3e4bf-dirty[0m
[0;32mI (199) app_init: Compile time:     Oct 27 2025 23:29:34[0m
[0;32mI (204) app_init: ELF file SHA256:  edf9e4633...[0m
[0;32mI (209) app_init: ESP-IDF:          v5.5.1[0m
[0;32mI (213) efuse_init: Min chip rev:     v0.0[0m
[0;32mI (216) efuse_init: Max chip rev:     v3.99 [0m
[0;32mI (220) efuse_init: Chip rev:         v3.1[0m
[0;32mI (225) heap_init: Initializing. RAM available for dynamic allocation:[0m
[0;32mI (231) heap_init: At 3FFAE6E0 len 00001920 (6 KiB): DRAM[0m
[0;32mI (236) heap_init: At 3FFB2EE8 len 0002D118 (180 KiB): DRAM[0m
[0;32mI (241) heap_init: At 3FFE0440 len 00003AE0 (14 KiB): D/IRAM[0m
[0;32mI (246) heap_init: At 3FFE4350 len 0001BCB0 (111 KiB): D/IRAM[0m
[0;32mI (252) heap_init: At 400901C4 len 0000FE3C (63 KiB): IRAM[0m
[0;32mI (259) spi_flash: detected chip: generic[0m
[0;32mI (261) spi_flash: flash io: dio[0m
[0;33mW (264) spi_flash: Detected size(4096k) larger than the size in the binary image header(2048k). Using the size in the binary image header.[0m
[0;32mI (277) main_task: Started on CPU0[0m
[0;32mI (287) main_task: Calling app_main()[0m
[0;32mI (287) TX_TDS_SLEEP: Acordei pelo TIMER[0m
[0;32mI (5577) TX_TDS_SLEEP: LoRa sent: TD,41,0.10[0m
[0;32mI (5677) TX_TDS_SLEEP: Dormindo por 30 seg...[0m
[0;32mI (15) boot: ESP-IDF v5.5.1 2nd stage bootloader[0m
[0;32mI (15) boot: compile time Oct 27 2025 23:25:13[0m
[0;32mI (15) boot: Multicore bootloader[0m
[0;32mI (15) boot: chip revision: v3.1[0m
[0;32mI (18) boot.esp32: SPI Speed      : 40MHz[0m
[0;32mI (22) boot.esp32: SPI Mode       : DIO[0m
[0;32mI (25) boot.esp32: SPI Flash Size : 2MB[0m
[0;32mI (29) boot: Enabling RNG early entropy source...[0m
[0;32mI (33) boot: Partition Table:[0m
[0;32mI (36) boot: ## Label            Usage          Type ST Offset   Length[0m
[0;32mI (42) boot:  0 nvs              WiFi data        01 02 00009000 00006000[0m
[0;32mI (49) boot:  1 phy_init         RF data          01 01 0000f000 00001000[0m
[0;32mI (55) boot:  2 factory          factory app      00 00 00010000 00100000[0m
[0;32mI (62) boot: End of partition table[0m
[0;32mI (65) esp_image: segment 0: paddr=00010020 vaddr=3f400020 size=0c350h ( 50000) map[0m
[0;32mI (90) esp_image: segment 1: paddr=0001c378 vaddr=3ffb0000 size=02590h (  9616) load[0m
[0;32mI (94) esp_image: segment 2: paddr=0001e910 vaddr=40080000 size=01708h (  5896) load[0m
[0;32mI (96) esp_image: segment 3: paddr=00020020 vaddr=400d0020 size=1b4a0h (111776) map[0m
[0;32mI (139) esp_image: segment 4: paddr=0003b4c8 vaddr=40081708 size=0eabch ( 60092) load[0m
[0;32mI (163) esp_image: segment 5: paddr=00049f8c vaddr=50000000 size=000b8h (   184) [0m
[0;32mI (171) boot: Loaded app from partition at offset 0x10000[0m
[0;32mI (171) boot: Disabling RNG early entropy source...[0m
[0;32mI (183) cpu_start: Multicore app[0m
[0;32mI (191) cpu_start: Pro cpu start user code[0m
[0;32mI (191) cpu_start: cpu freq: 160000000 Hz[0m
[0;32mI (191) app_init: Application information:[0m
[0;32mI (191) app_init: Project name:     lora[0m
[0;32mI (195) app_init: App version:      eb3e4bf-dirty[0m
[0;32mI (199) app_init: Compile time:     Oct 27 2025 23:29:34[0m
[0;32mI (204) app_init: ELF file SHA256:  edf9e4633...[0m
[0;32mI (209) app_init: ESP-IDF:          v5.5.1[0m
[0;32mI (213) efuse_init: Min chip rev:     v0.0[0m
[0;32mI (216) efuse_init: Max chip rev:     v3.99 [0m
[0;32mI (220) efuse_init: Chip rev:         v3.1[0m
[0;32mI (225) heap_init: Initializing. RAM available for dynamic allocation:[0m
[0;32mI (231) heap_init: At 3FFAE6E0 len 00001920 (6 KiB): DRAM[0m
[0;32mI (236) heap_init: At 3FFB2EE8 len 0002D118 (180 KiB): DRAM[0m
[0;32mI (241) heap_init: At 3FFE0440 len 00003AE0 (14 KiB): D/IRAM[0m
[0;32mI (246) heap_init: At 3FFE4350 len 0001BCB0 (111 KiB): D/IRAM[0m
[0;32mI (252) heap_init: At 400901C4 len 0000FE3C (63 KiB): IRAM[0m
[0;32mI (259) spi_flash: detected chip: generic[0m
[0;32mI (261) spi_flash: flash io: dio[0m
[0;33mW (264) spi_flash: Detected size(4096k) larger than the size in the binary image header(2048k). Using the size in the binary image header.[0m
[0;32mI (276) main_task: Started on CPU0[0m
[0;32mI (286) main_task: Calling app_main()[0m
[0;32mI (286) TX_TDS_SLEEP: Acordei pelo TIMER[0m
[0;32mI (5576) TX_TDS_SLEEP: LoRa sent: TD,42,0.10[0m
[0;32mI (5676) TX_TDS_SLEEP: Dormindo por 30 seg...[0m
[0;32mI (15) boot: ESP-IDF v5.5.1 2nd stage bootloader[0m
[0;32mI (15) boot: compile time Oct 27 2025 23:25:13[0m
[0;32mI (15) boot: Multicore bootloader[0m
[0;32mI (15) boot: chip revision: v3.1[0m
[0;32mI (18) boot.esp32: SPI Speed      : 40MHz[0m
[0;32mI (22) boot.esp32: SPI Mode       : DIO[0m
[0;32mI (25) boot.esp32: SPI Flash Size : 2MB[0m
[0;32mI (29) boot: Enabling RNG early entropy source...[0m
[0;32mI (33) boot: Partition Table:[0m
[0;32mI (36) boot: ## Label            Usage          Type ST Offset   Length[0m
[0;32mI (42) boot:  0 nvs              WiFi data        01 02 00009000 00006000[0m
[0;32mI (49) boot:  1 phy_init         RF data          01 01 0000f000 00001000[0m
[0;32mI (55) boot:  2 factory          factory app      00 00 00010000 00100000[0m
[0;32mI (62) boot: End of partition table[0m
[0;32mI (65) esp_image: segment 0: paddr=00010020 vaddr=3f400020 size=0c350h ( 50000) map[0m
[0;32mI (90) esp_image: segment 1: paddr=0001c378 vaddr=3ffb0000 size=02590h (  9616) load[0m
[0;32mI (94) esp_image: segment 2: paddr=0001e910 vaddr=40080000 size=01708h (  5896) load[0m
[0;32mI (96) esp_image: segment 3: paddr=00020020 vaddr=400d0020 size=1b4a0h (111776) map[0m
[0;32mI (139) esp_image: segment 4: paddr=0003b4c8 vaddr=40081708 size=0eabch ( 60092) load[0m
[0;32mI (163) esp_image: segment 5: paddr=00049f8c vaddr=50000000 size=000b8h (   184) [0m
[0;32mI (171) boot: Loaded app from partition at offset 0x10000[0m
[0;32mI (171) boot: Disabling RNG early entropy source...[0m
[0;32mI (183) cpu_start: Multicore app[0m
[0;32mI (191) cpu_start: Pro cpu start user code[0m
[0;32mI (191) cpu_start: cpu freq: 160000000 Hz[0m
[0;32mI (191) app_init: Application information:[0m
[0;32mI (191) app_init: Project name:     lora[0m
[0;32mI (195) app_init: App version:      eb3e4bf-dirty[0m
[0;32mI (199) app_init: Compile time:     Oct 27 2025 23:29:34[0m
[0;32mI (204) app_init: ELF file SHA256:  edf9e4633...[0m
[0;32mI (209) app_init: ESP-IDF:          v5.5.1[0m
[0;32mI (213) efuse_init: Min chip rev:     v0.0[0m
[0;32mI (216) efuse_init: Max chip rev:     v3.99 [0m
[0;32mI (220) efuse_init: Chip rev:         v3.1[0m
[0;32mI (225) heap_init: Initializing. RAM available for dynamic allocation:[0m
[0;32mI (231) heap_init: At 3FFAE6E0 len 00001920 (6 KiB): DRAM[0m
[0;32mI (236) heap_init: At 3FFB2EE8 len 0002D118 (180 KiB): DRAM[0m
[0;32mI (241) heap_init: At 3FFE0440 len 00003AE0 (14 KiB): D/IRAM[0m
[0;32mI (246) heap_init: At 3FFE4350 len 0001BCB0 (111 KiB): D/IRAM[0m
[0;32mI (252) heap_init: At 400901C4 len 0000FE3C (63 KiB): IRAM[0m
[0;32mI (259) spi_flash: detected chip: generic[0m
[0;32mI (261) spi_flash: flash io: dio[0m
[0;33mW (264) spi_flash: Detected size(4096k) larger than the size in the binary image header(2048k). Using the size in the binary image header.[0m
[0;32mI (276) main_task: Started on CPU0[0m
[0;32mI (286) main_task: Calling app_main()[0m
[0;32mI (286) TX_TDS_SLEEP: Acordei pelo TIMER[0m
[0;32mI (5576) TX_TDS_SLEEP: LoRa sent: TD,41,0.10[0m
[0;32mI (5676) TX_TDS_SLEEP: Dormindo por 30 seg...[0m
[0;32mI (15) boot: ESP-IDF v5.5.1 2nd stage bootloader[0m
[0;32mI (15) boot: compile time Oct 27 2025 23:25:13[0m
[0;32mI (15) boot: Multicore bootloader[0m
[0;32mI (15) boot: chip revision: v3.1[0m
[0;32mI (18) boot.esp32: SPI Speed      : 40MHz[0m
[0;32mI (22) boot.esp32: SPI Mode       : DIO[0m
[0;32mI (25) boot.esp32: SPI Flash Size : 2MB[0m
[0;32mI (29) boot: Enabling RNG early entropy source...[0m
[0;32mI (33) boot: Partition Table:[0m
[0;32mI (36) boot: ## Label            Usage          Type ST Offset   Length[0m
[0;32mI (42) boot:  0 nvs              WiFi data        01 02 00009000 00006000[0m
[0;32mI (49) boot:  1 phy_init         RF data          01 01 0000f000 00001000[0m
[0;32mI (55) boot:  2 factory          factory app      00 00 00010000 00100000[0m
[0;32mI (62) boot: End of partition table[0m
[0;32mI (65) esp_image: segment 0: paddr=00010020 vaddr=3f400020 size=0c350h ( 50000) map[0m
[0;32mI (90) esp_image: segment 1: paddr=0001c378 vaddr=3ffb0000 size=02590h (  9616) load[0m
[0;32mI (94) esp_image: segment 2: paddr=0001e910 vaddr=40080000 size=01708h (  5896) load[0m
[0;32mI (96) esp_image: segment 3: paddr=00020020 vaddr=400d0020 size=1b4a0h (111776) map[0m
[0;32mI (139) esp_image: segment 4: paddr=0003b4c8 vaddr=40081708 size=0eabch ( 60092) load[0m
[0;32mI (163) esp_image: segment 5: paddr=00049f8c vaddr=50000000 size=000b8h (   184) [0m
[0;32mI (171) boot: Loaded app from partition at offset 0x10000[0m
[0;32mI (171) boot: Disabling RNG early entropy source...[0m
[0;32mI (183) cpu_start: Multicore app[0m
[0;32mI (191) cpu_start: Pro cpu start user code[0m
[0;32mI (191) cpu_start: cpu freq: 160000000 Hz[0m
[0;32mI (191) app_init: Application information:[0m
[0;32mI (191) app_init: Project name:     lora[0m
[0;32mI (195) app_init: App version:      eb3e4bf-dirty[0m
[0;32mI (199) app_init: Compile time:     Oct 27 2025 23:29:34[0m
[0;32mI (204) app_init: ELF file SHA256:  edf9e4633...[0m
[0;32mI (209) app_init: ESP-IDF:          v5.5.1[0m
[0;32mI (213) efuse_init: Min chip rev:     v0.0[0m
[0;32mI (216) efuse_init: Max chip rev:     v3.99 [0m
[0;32mI (220) efuse_init: Chip rev:         v3.1[0m
[0;32mI (225) heap_init: Initializing. RAM available for dynamic allocation:[0m
[0;32mI (231) heap_init: At 3FFAE6E0 len 00001920 (6 KiB): DRAM[0m
[0;32mI (236) heap_init: At 3FFB2EE8 len 0002D118 (180 KiB): DRAM[0m
[0;32mI (241) heap_init: At 3FFE0440 len 00003AE0 (14 KiB): D/IRAM[0m
[0;32mI (246) heap_init: At 3FFE4350 len 0001BCB0 (111 KiB): D/IRAM[0m
[0;32mI (252) heap_init: At 400901C4 len 0000FE3C (63 KiB): IRAM[0m
[0;32mI (259) spi_flash: detected chip: generic[0m
[0;32mI (261) spi_flash: flash io: dio[0m
[0;33mW (264) spi_flash: Detected size(4096k) larger than the size in the binary image header(2048k). Using the size in the binary image header.[0m
[0;32mI (277) main_task: Started on CPU0[0m
[0;32mI (287) main_task: Calling app_main()[0m
[0;32mI (287) TX_TDS_SLEEP: Acordei pelo TIMER[0m
[0;32mI (5577) TX_TDS_SLEEP: LoRa sent: TD,42,0.10[0m
[0;32mI (5677) TX_TDS_SLEEP: Dormindo por 30 seg...[0m
[0;32mI (15) boot: ESP-IDF v5.5.1 2nd stage bootloader[0m
[0;32mI (15) boot: compile time Oct 27 2025 23:25:13[0m
[0;32mI (15) boot: Multicore bootloader[0m
[0;32mI (15) boot: chip revision: v3.1[0m
[0;32mI (18) boot.esp32: SPI Speed      : 40MHz[0m
[0;32mI (22) boot.esp32: SPI Mode       : DIO[0m
[0;32mI (25) boot.esp32: SPI Flash Size : 2MB[0m
[0;32mI (29) boot: Enabling RNG early entropy source...[0m
[0;32mI (33) boot: Partition Table:[0m
[0;32mI (36) boot: ## Label            Usage          Type ST Offset   Length[0m
[0;32mI (42) boot:  0 nvs              WiFi data        01 02 00009000 00006000[0m
[0;32mI (49) boot:  1 phy_init         RF data          01 01 0000f000 00001000[0m
[0;32mI (55) boot:  2 factory          factory app      00 00 00010000 00100000[0m
[0;32mI (62) boot: End of partition table[0m
[0;32mI (65) esp_image: segment 0: paddr=00010020 vaddr=3f400020 size=0c350h ( 50000) map[0m
[0;32mI (90) esp_image: segment 1: paddr=0001c378 vaddr=3ffb0000 size=02590h (  9616) load[0m
[0;32mI (94) esp_image: segment 2: paddr=0001e910 vaddr=40080000 size=01708h (  5896) load[0m
[0;32mI (96) esp_image: segment 3: paddr=00020020 vaddr=400d0020 size=1b4a0h (111776) map[0m
[0;32mI (139) esp_image: segment 4: paddr=0003b4c8 vaddr=40081708 size=0eabch ( 60092) load[0m
[0;32mI (163) esp_image: segment 5: paddr=00049f8c vaddr=50000000 size=000b8h (   184) [0m
[0;32mI (171) boot: Loaded app from partition at offset 0x10000[0m
[0;32mI (171) boot: Disabling RNG early entropy source...[0m
[0;32mI (183) cpu_start: Multicore app[0m
[0;32mI (191) cpu_start: Pro cpu start user code[0m
[0;32mI (191) cpu_start: cpu freq: 160000000 Hz[0m
[0;32mI (191) app_init: Application information:[0m
[0;32mI (191) app_init: Project name:     lora[0m
[0;32mI (195) app_init: App version:      eb3e4bf-dirty[0m
[0;32mI (199) app_init: Compile time:     Oct 27 2025 23:29:34[0m
[0;32mI (204) app_init: ELF file SHA256:  edf9e4633...[0m
[0;32mI (209) app_init: ESP-IDF:          v5.5.1[0m
[0;32mI (213) efuse_init: Min chip rev:     v0.0[0m
[0;32mI (216) efuse_init: Max chip rev:     v3.99 [0m
[0;32mI (220) efuse_init: Chip rev:         v3.1[0m
[0;32mI (225) heap_init: Initializing. RAM available for dynamic allocation:[0m
[0;32mI (231) heap_init: At 3FFAE6E0 len 00001920 (6 KiB): DRAM[0m
[0;32mI (236) heap_init: At 3FFB2EE8 len 0002D118 (180 KiB): DRAM[0m
[0;32mI (241) heap_init: At 3FFE0440 len 00003AE0 (14 KiB): D/IRAM[0m
[0;32mI (246) heap_init: At 3FFE4350 len 0001BCB0 (111 KiB): D/IRAM[0m
[0;32mI (252) heap_init: At 400901C4 len 0000FE3C (63 KiB): IRAM[0m
[0;32mI (259) spi_flash: detected chip: generic[0m
[0;32mI (261) spi_flash: flash io: dio[0m
[0;33mW (264) spi_flash: Detected size(4096k) larger than the size in the binary image header(2048k). Using the size in the binary image header.[0m
[0;32mI (277) main_task: Started on CPU0[0m
[0;32mI (287) main_task: Calling app_main()[0m
[0;32mI (287) TX_TDS_SLEEP: Acordei pelo TIMER[0m
[0;32mI (5577) TX_TDS_SLEEP: LoRa sent: TD,42,0.10[0m
[0;32mI (5677) TX_TDS_SLEEP: Dormindo por 30 seg...[0m
[0;32mI (15) boot: ESP-IDF v5.5.1 2nd stage bootloader[0m
[0;32mI (15) boot: compile time Oct 27 2025 23:25:13[0m
[0;32mI (15) boot: Multicore bootloader[0m
[0;32mI (15) boot: chip revision: v3.1[0m
[0;32mI (18) boot.esp32: SPI Speed      : 40MHz[0m
[0;32mI (22) boot.esp32: SPI Mode       : DIO[0m
[0;32mI (25) boot.esp32: SPI Flash Size : 2MB[0m
[0;32mI (29) boot: Enabling RNG early entropy source...[0m
[0;32mI (33) boot: Partition Table:[0m
[0;32mI (36) boot: ## Label            Usage          Type ST Offset   Length[0m
[0;32mI (42) boot:  0 nvs              WiFi data        01 02 00009000 00006000[0m
[0;32mI (49) boot:  1 phy_init         RF data          01 01 0000f000 00001000[0m
[0;32mI (55) boot:  2 factory          factory app      00 00 00010000 00100000[0m
[0;32mI (62) boot: End of partition table[0m
[0;32mI (65) esp_image: segment 0: paddr=00010020 vaddr=3f400020 size=0c350h ( 50000) map[0m
[0;32mI (90) esp_image: segment 1: paddr=0001c378 vaddr=3ffb0000 size=02590h (  9616) load[0m
[0;32mI (94) esp_image: segment 2: paddr=0001e910 vaddr=40080000 size=01708h (  5896) load[0m
[0;32mI (96) esp_image: segment 3: paddr=00020020 vaddr=400d0020 size=1b4a0h (111776) map[0m
[0;32mI (139) esp_image: segment 4: paddr=0003b4c8 vaddr=40081708 size=0eabch ( 60092) load[0m
[0;32mI (163) esp_image: segment 5: paddr=00049f8c vaddr=50000000 size=000b8h (   184) [0m
[0;32mI (171) boot: Loaded app from partition at offset 0x10000[0m
[0;32mI (171) boot: Disabling RNG early entropy source...[0m
[0;32mI (183) cpu_start: Multicore app[0m
[0;32mI (191) cpu_start: Pro cpu start user code[0m
[0;32mI (191) cpu_start: cpu freq: 160000000 Hz[0m
[0;32mI (191) app_init: Application information:[0m
[0;32mI (191) app_init: Project name:     lora[0m
[0;32mI (195) app_init: App version:      eb3e4bf-dirty[0m
[0;32mI (199) app_init: Compile time:     Oct 27 2025 23:29:34[0m
[0;32mI (204) app_init: ELF file SHA256:  edf9e4633...[0m
[0;32mI (209) app_init: ESP-IDF:          v5.5.1[0m
[0;32mI (213) efuse_init: Min chip rev:     v0.0[0m
[0;32mI (216) efuse_init: Max chip rev:     v3.99 [0m
[0;32mI (220) efuse_init: Chip rev:         v3.1[0m
[0;32mI (225) heap_init: Initializing. RAM available for dynamic allocation:[0m
[0;32mI (231) heap_init: At 3FFAE6E0 len 00001920 (6 KiB): DRAM[0m
[0;32mI (236) heap_init: At 3FFB2EE8 len 0002D118 (180 KiB): DRAM[0m
[0;32mI (241) heap_init: At 3FFE0440 len 00003AE0 (14 KiB): D/IRAM[0m
[0;32mI (246) heap_init: At 3FFE4350 len 0001BCB0 (111 KiB): D/IRAM[0m
[0;32mI (252) heap_init: At 400901C4 len 0000FE3C (63 KiB): IRAM[0m
[0;32mI (259) spi_flash: detected chip: generic[0m
[0;32mI (261) spi_flash: flash io: dio[0m
[0;33mW (264) spi_flash: Detected size(4096k) larger than the size in the binary image header(2048k). Using the size in the binary image header.[0m
[0;32mI (277) main_task: Started on CPU0[0m
[0;32mI (287) main_task: Calling app_main()[0m
[0;32mI (287) TX_TDS_SLEEP: Acordei pelo TIMER[0m
[0;32mI (5577) TX_TDS_SLEEP: LoRa sent: TD,42,0.10[0m
[0;32mI (5677) TX_TDS_SLEEP: Dormindo por 30 seg...[0m
[0;32mI (15) boot: ESP-IDF v5.5.1 2nd stage bootloader[0m
[0;32mI (15) boot: compile time Oct 27 2025 23:25:13[0m
[0;32mI (15) boot: Multicore bootloader[0m
[0;32mI (15) boot: chip revision: v3.1[0m
[0;32mI (18) boot.esp32: SPI Speed      : 40MHz[0m
[0;32mI (22) boot.esp32: SPI Mode       : DIO[0m
[0;32mI (25) boot.esp32: SPI Flash Size : 2MB[0m
[0;32mI (29) boot: Enabling RNG early entropy source...[0m
[0;32mI (33) boot: Partition Table:[0m
[0;32mI (36) boot: ## Label            Usage          Type ST Offset   Length[0m
[0;32mI (42) boot:  0 nvs              WiFi data        01 02 00009000 00006000[0m
[0;32mI (49) boot:  1 phy_init         RF data          01 01 0000f000 00001000[0m
[0;32mI (55) boot:  2 factory          factory app      00 00 00010000 00100000[0m
[0;32mI (62) boot: End of partition table[0m
[0;32mI (65) esp_image: segment 0: paddr=00010020 vaddr=3f400020 size=0c350h ( 50000) map[0m
[0;32mI (90) esp_image: segment 1: paddr=0001c378 vaddr=3ffb0000 size=02590h (  9616) load[0m
[0;32mI (94) esp_image: segment 2: paddr=0001e910 vaddr=40080000 size=01708h (  5896) load[0m
[0;32mI (96) esp_image: segment 3: paddr=00020020 vaddr=400d0020 size=1b4a0h (111776) map[0m
[0;32mI (139) esp_image: segment 4: paddr=0003b4c8 vaddr=40081708 size=0eabch ( 60092) load[0m
[0;32mI (163) esp_image: segment 5: paddr=00049f8c vaddr=50000000 size=000b8h (   184) [0m
[0;32mI (171) boot: Loaded app from partition at offset 0x10000[0m
[0;32mI (171) boot: Disabling RNG early entropy source...[0m
[0;32mI (183) cpu_start: Multicore app[0m
[0;32mI (191) cpu_start: Pro cpu start user code[0m
[0;32mI (191) cpu_start: cpu freq: 160000000 Hz[0m
[0;32mI (191) app_init: Application information:[0m
[0;32mI (191) app_init: Project name:     lora[0m
[0;32mI (195) app_init: App version:      eb3e4bf-dirty[0m
[0;32mI (199) app_init: Compile time:     Oct 27 2025 23:29:34[0m
[0;32mI (204) app_init: ELF file SHA256:  edf9e4633...[0m
[0;32mI (209) app_init: ESP-IDF:          v5.5.1[0m
[0;32mI (213) efuse_init: Min chip rev:     v0.0[0m
[0;32mI (216) efuse_init: Max chip rev:     v3.99 [0m
[0;32mI (220) efuse_init: Chip rev:         v3.1[0m
[0;32mI (225) heap_init: Initializing. RAM available for dynamic allocation:[0m
[0;32mI (231) heap_init: At 3FFAE6E0 len 00001920 (6 KiB): DRAM[0m
[0;32mI (236) heap_init: At 3FFB2EE8 len 0002D118 (180 KiB): DRAM[0m
[0;32mI (241) heap_init: At 3FFE0440 len 00003AE0 (14 KiB): D/IRAM[0m
[0;32mI (246) heap_init: At 3FFE4350 len 0001BCB0 (111 KiB): D/IRAM[0m
[0;32mI (252) heap_init: At 400901C4 len 0000FE3C (63 KiB): IRAM[0m
[0;32mI (259) spi_flash: detected chip: generic[0m
[0;32mI (261) spi_flash: flash io: dio[0m
[0;33mW (264) spi_flash: Detected size(4096k) larger than the size in the binary image header(2048k). Using the size in the binary image header.[0m
[0;32mI (277) main_task: Started on CPU0[0m
[0;32mI (287) main_task: Calling app_main()[0m
[0;32mI (287) TX_TDS_SLEEP: Acordei pelo TIMER[0m
[0;32mI (5577) TX_TDS_SLEEP: LoRa sent: TD,42,0.10[0m
[0;32mI (5677) TX_TDS_SLEEP: Dormindo por 30 seg...[0m
[0;32mI (15) boot: ESP-IDF v5.5.1 2nd stage bootloader[0m
[0;32mI (15) boot: compile time Oct 27 2025 23:25:13[0m
[0;32mI (15) boot: Multicore bootloader[0m
[0;32mI (15) boot: chip revision: v3.1[0m
[0;32mI (18) boot.esp32: SPI Speed      : 40MHz[0m
[0;32mI (22) boot.esp32: SPI Mode       : DIO[0m
[0;32mI (25) boot.esp32: SPI Flash Size : 2MB[0m
[0;32mI (29) boot: Enabling RNG early entropy source...[0m
[0;32mI (33) boot: Partition Table:[0m
[0;32mI (36) boot: ## Label            Usage          Type ST Offset   Length[0m
[0;32mI (42) boot:  0 nvs              WiFi data        01 02 00009000 00006000[0m
[0;32mI (49) boot:  1 phy_init         RF data          01 01 0000f000 00001000[0m
[0;32mI (55) boot:  2 factory          factory app      00 00 00010000 00100000[0m
[0;32mI (62) boot: End of partition table[0m
[0;32mI (65) esp_image: segment 0: paddr=00010020 vaddr=3f400020 size=0c350h ( 50000) map[0m
[0;32mI (90) esp_image: segment 1: paddr=0001c378 vaddr=3ffb0000 size=02590h (  9616) load[0m
[0;32mI (94) esp_image: segment 2: paddr=0001e910 vaddr=40080000 size=01708h (  5896) load[0m
[0;32mI (96) esp_image: segment 3: paddr=00020020 vaddr=400d0020 size=1b4a0h (111776) map[0m
[0;32mI (139) esp_image: segment 4: paddr=0003b4c8 vaddr=40081708 size=0eabch ( 60092) load[0m
[0;32mI (163) esp_image: segment 5: paddr=00049f8c vaddr=50000000 size=000b8h (   184) [0m
[0;32mI (171) boot: Loaded app from partition at offset 0x10000[0m
[0;32mI (171) boot: Disabling RNG early entropy source...[0m
[0;32mI (183) cpu_start: Multicore app[0m
[0;32mI (191) cpu_start: Pro cpu start user code[0m
[0;32mI (191) cpu_start: cpu freq: 160000000 Hz[0m
[0;32mI (191) app_init: Application information:[0m
[0;32mI (191) app_init: Project name:     lora[0m
[0;32mI (195) app_init: App version:      eb3e4bf-dirty[0m
[0;32mI (199) app_init: Compile time:     Oct 27 2025 23:29:34[0m
[0;32mI (204) app_init: ELF file SHA256:  edf9e4633...[0m
[0;32mI (209) app_init: ESP-IDF:          v5.5.1[0m
[0;32mI (213) efuse_init: Min chip rev:     v0.0[0m
[0;32mI (216) efuse_init: Max chip rev:     v3.99 [0m
[0;32mI (220) efuse_init: Chip rev:         v3.1[0m
[0;32mI (225) heap_init: Initializing. RAM available for dynamic allocation:[0m
[0;32mI (231) heap_init: At 3FFAE6E0 len 00001920 (6 KiB): DRAM[0m
[0;32mI (236) heap_init: At 3FFB2EE8 len 0002D118 (180 KiB): DRAM[0m
[0;32mI (241) heap_init: At 3FFE0440 len 00003AE0 (14 KiB): D/IRAM[0m
[0;32mI (246) heap_init: At 3FFE4350 len 0001BCB0 (111 KiB): D/IRAM[0m
[0;32mI (252) heap_init: At 400901C4 len 0000FE3C (63 KiB): IRAM[0m
[0;32mI (259) spi_flash: detected chip: generic[0m
[0;32mI (261) spi_flash: flash io: dio[0m
[0;33mW (264) spi_flash: Detected size(4096k) larger than the size in the binary image header(2048k). Using the size in the binary image header.[0m
[0;32mI (276) main_task: Started on CPU0[0m
[0;32mI (286) main_task: Calling app_main()[0m
[0;32mI (286) TX_TDS_SLEEP: Acordei pelo TIMER[0m
[0;32mI (5576) TX_TDS_SLEEP: LoRa sent: TD,43,0.10[0m
[0;32mI (5676) TX_TDS_SLEEP: Dormindo por 30 seg...[0m
[0;32mI (15) boot: ESP-IDF v5.5.1 2nd stage bootloader[0m
[0;32mI (15) boot: compile time Oct 27 2025 23:25:13[0m
[0;32mI (15) boot: Multicore bootloader[0m
[0;32mI (15) boot: chip revision: v3.1[0m
[0;32mI (18) boot.esp32: SPI Speed      : 40MHz[0m
[0;32mI (22) boot.esp32: SPI Mode       : DIO[0m
[0;32mI (25) boot.esp32: SPI Flash Size : 2MB[0m
[0;32mI (29) boot: Enabling RNG early entropy source...[0m
[0;32mI (33) boot: Partition Table:[0m
[0;32mI (36) boot: ## Label            Usage          Type ST Offset   Length[0m
[0;32mI (42) boot:  0 nvs              WiFi data        01 02 00009000 00006000[0m
[0;32mI (49) boot:  1 phy_init         RF data          01 01 0000f000 00001000[0m
[0;32mI (55) boot:  2 factory          factory app      00 00 00010000 00100000[0m
[0;32mI (62) boot: End of partition table[0m
[0;32mI (65) esp_image: segment 0: paddr=00010020 vaddr=3f400020 size=0c350h ( 50000) map[0m
[0;32mI (90) esp_image: segment 1: paddr=0001c378 vaddr=3ffb0000 size=02590h (  9616) load[0m
[0;32mI (94) esp_image: segment 2: paddr=0001e910 vaddr=40080000 size=01708h (  5896) load[0m
[0;32mI (96) esp_image: segment 3: paddr=00020020 vaddr=400d0020 size=1b4a0h (111776) map[0m
[0;32mI (139) esp_image: segment 4: paddr=0003b4c8 vaddr=40081708 size=0eabch ( 60092) load[0m
[0;32mI (163) esp_image: segment 5: paddr=00049f8c vaddr=50000000 size=000b8h (   184) [0m
[0;32mI (171) boot: Loaded app from partition at offset 0x10000[0m
[0;32mI (171) boot: Disabling RNG early entropy source...[0m
[0;32mI (183) cpu_start: Multicore app[0m
[0;32mI (191) cpu_start: Pro cpu start user code[0m
[0;32mI (191) cpu_start: cpu freq: 160000000 Hz[0m
[0;32mI (191) app_init: Application information:[0m
[0;32mI (191) app_init: Project name:     lora[0m
[0;32mI (195) app_init: App version:      eb3e4bf-dirty[0m
[0;32mI (199) app_init: Compile time:     Oct 27 2025 23:29:34[0m
[0;32mI (204) app_init: ELF file SHA256:  edf9e4633...[0m
[0;32mI (209) app_init: ESP-IDF:          v5.5.1[0m
[0;32mI (213) efuse_init: Min chip rev:     v0.0[0m
[0;32mI (216) efuse_init: Max chip rev:     v3.99 [0m
[0;32mI (220) efuse_init: Chip rev:         v3.1[0m
[0;32mI (225) heap_init: Initializing. RAM available for dynamic allocation:[0m
[0;32mI (231) heap_init: At 3FFAE6E0 len 00001920 (6 KiB): DRAM[0m
[0;32mI (236) heap_init: At 3FFB2EE8 len 0002D118 (180 KiB): DRAM[0m
[0;32mI (241) heap_init: At 3FFE0440 len 00003AE0 (14 KiB): D/IRAM[0m
[0;32mI (246) heap_init: At 3FFE4350 len 0001BCB0 (111 KiB): D/IRAM[0m
[0;32mI (252) heap_init: At 400901C4 len 0000FE3C (63 KiB): IRAM[0m
[0;32mI (259) spi_flash: detected chip: generic[0m
[0;32mI (261) spi_flash: flash io: dio[0m
[0;33mW (264) spi_flash: Detected size(4096k) larger than the size in the binary image header(2048k). Using the size in the binary image header.[0m
[0;32mI (276) main_task: Started on CPU0[0m
[0;32mI (286) main_task: Calling app_main()[0m
[0;32mI (286) TX_TDS_SLEEP: Acordei pelo TIMER[0m
[0;32mI (5576) TX_TDS_SLEEP: LoRa sent: TD,41,0.10[0m
[0;32mI (5676) TX_TDS_SLEEP: Dormindo por 30 seg...[0m
[0;32mI (15) boot: ESP-IDF v5.5.1 2nd stage bootloader[0m
[0;32mI (15) boot: compile time Oct 27 2025 23:25:13[0m
[0;32mI (15) boot: Multicore bootloader[0m
[0;32mI (15) boot: chip revision: v3.1[0m
[0;32mI (18) boot.esp32: SPI Speed      : 40MHz[0m
[0;32mI (22) boot.esp32: SPI Mode       : DIO[0m
[0;32mI (25) boot.esp32: SPI Flash Size : 2MB[0m
[0;32mI (29) boot: Enabling RNG early entropy source...[0m
[0;32mI (33) boot: Partition Table:[0m
[0;32mI (36) boot: ## Label            Usage          Type ST Offset   Length[0m
[0;32mI (42) boot:  0 nvs              WiFi data        01 02 00009000 00006000[0m
[0;32mI (49) boot:  1 phy_init         RF data          01 01 0000f000 00001000[0m
[0;32mI (55) boot:  2 factory          factory app      00 00 00010000 00100000[0m
[0;32mI (62) boot: End of partition table[0m
[0;32mI (65) esp_image: segment 0: paddr=00010020 vaddr=3f400020 size=0c350h ( 50000) map[0m
[0;32mI (90) esp_image: segment 1: paddr=0001c378 vaddr=3ffb0000 size=02590h (  9616) load[0m
[0;32mI (94) esp_image: segment 2: paddr=0001e910 vaddr=40080000 size=01708h (  5896) load[0m
[0;32mI (96) esp_image: segment 3: paddr=00020020 vaddr=400d0020 size=1b4a0h (111776) map[0m
[0;32mI (139) esp_image: segment 4: paddr=0003b4c8 vaddr=40081708 size=0eabch ( 60092) load[0m
[0;32mI (163) esp_image: segment 5: paddr=00049f8c vaddr=50000000 size=000b8h (   184) [0m
[0;32mI (171) boot: Loaded app from partition at offset 0x10000[0m
[0;32mI (171) boot: Disabling RNG early entropy source...[0m
[0;32mI (183) cpu_start: Multicore app[0m
[0;32mI (191) cpu_start: Pro cpu start user code[0m
[0;32mI (191) cpu_start: cpu freq: 160000000 Hz[0m
[0;32mI (191) app_init: Application information:[0m
[0;32mI (191) app_init: Project name:     lora[0m
[0;32mI (195) app_init: App version:      eb3e4bf-dirty[0m
[0;32mI (199) app_init: Compile time:     Oct 27 2025 23:29:34[0m
[0;32mI (204) app_init: ELF file SHA256:  edf9e4633...[0m
[0;32mI (209) app_init: ESP-IDF:          v5.5.1[0m
[0;32mI (213) efuse_init: Min chip rev:     v0.0[0m
[0;32mI (216) efuse_init: Max chip rev:     v3.99 [0m
[0;32mI (220) efuse_init: Chip rev:         v3.1[0m
[0;32mI (225) heap_init: Initializing. RAM available for dynamic allocation:[0m
[0;32mI (231) heap_init: At 3FFAE6E0 len 00001920 (6 KiB): DRAM[0m
[0;32mI (236) heap_init: At 3FFB2EE8 len 0002D118 (180 KiB): DRAM[0m
[0;32mI (241) heap_init: At 3FFE0440 len 00003AE0 (14 KiB): D/IRAM[0m
[0;32mI (246) heap_init: At 3FFE4350 len 0001BCB0 (111 KiB): D/IRAM[0m
[0;32mI (252) heap_init: At 400901C4 len 0000FE3C (63 KiB): IRAM[0m
[0;32mI (259) spi_flash: detected chip: generic[0m
[0;32mI (261) spi_flash: flash io: dio[0m
[0;33mW (264) spi_flash: Detected size(4096k) larger than the size in the binary image header(2048k). Using the size in the binary image header.[0m
[0;32mI (276) main_task: Started on CPU0[0m
[0;32mI (286) main_task: Calling app_main()[0m
[0;32mI (286) TX_TDS_SLEEP: Acordei pelo TIMER[0m
[0;32mI (5576) TX_TDS_SLEEP: LoRa sent: TD,41,0.10[0m
[0;32mI (5676) TX_TDS_SLEEP: Dormindo por 30 seg...[0m
[0;32mI (15) boot: ESP-IDF v5.5.1 2nd stage bootloader[0m
[0;32mI (15) boot: compile time Oct 27 2025 23:25:13[0m
[0;32mI (15) boot: Multicore bootloader[0m
[0;32mI (15) boot: chip revision: v3.1[0m
[0;32mI (18) boot.esp32: SPI Speed      : 40MHz[0m
[0;32mI (22) boot.esp32: SPI Mode       : DIO[0m
[0;32mI (25) boot.esp32: SPI Flash Size : 2MB[0m
[0;32mI (29) boot: Enabling RNG early entropy source...[0m
[0;32mI (33) boot: Partition Table:[0m
[0;32mI (36) boot: ## Label            Usage          Type ST Offset   Length[0m
[0;32mI (42) boot:  0 nvs              WiFi data        01 02 00009000 00006000[0m
[0;32mI (49) boot:  1 phy_init         RF data          01 01 0000f000 00001000[0m
[0;32mI (55) boot:  2 factory          factory app      00 00 00010000 00100000[0m
[0;32mI (62) boot: End of partition table[0m
[0;32mI (65) esp_image: segment 0: paddr=00010020 vaddr=3f400020 size=0c350h ( 50000) map[0m
[0;32mI (90) esp_image: segment 1: paddr=0001c378 vaddr=3ffb0000 size=02590h (  9616) load[0m
[0;32mI (94) esp_image: segment 2: paddr=0001e910 vaddr=40080000 size=01708h (  5896) load[0m
